<6>[    0.000000] Initializing cgroup subsys cpuset
<6>[    0.000000] Initializing cgroup subsys cpu
<6>[    0.000000] Initializing cgroup subsys cpuacct
<5>[    0.000000] Linux version 3.14.37-x86_64-L1-R517 (softteam@pdd-build) (gcc version 4.8 (GCC) ) #1 SMP PREEMPT Tue Mar 7 16:00:29 CST 2017
<6>[    0.000000] Command line: console=tty0 shutdown_reason=no_applicable watchdog_reset_reason=security_watchdog androidboot.bootreason=reboot androidboot.serialno=0123456789ABCDEF g_ffs.iSerialNumber=0123456789ABCDEF loglevel=5 androidboot.hardware=cht_cr_mrd_w firmware_class.path=/system/etc/firmware i915.fastboot=1 memmap=4M$0x5c400000 vga=current i915.modeset=1 drm.vblankoffdelay=1 enforcing=0 androidboot.selinux=permissive console=ttyS0,115200n8 bootboost=1 pm_suspend_debug=1 pstore.backend=ramoops
<6>[    0.000000] e820: BIOS-provided physical RAM map:
<6>[    0.000000] BIOS-e820: [mem 0x0000000000000000-0x000000000008efff] usable
<6>[    0.000000] BIOS-e820: [mem 0x000000000008f000-0x000000000008ffff] ACPI NVS
<6>[    0.000000] BIOS-e820: [mem 0x0000000000090000-0x000000000009dfff] usable
<6>[    0.000000] BIOS-e820: [mem 0x000000000009e000-0x000000000009ffff] reserved
<6>[    0.000000] BIOS-e820: [mem 0x0000000000100000-0x000000001effffff] usable
<6>[    0.000000] BIOS-e820: [mem 0x000000001f000000-0x00000000201fffff] reserved
<6>[    0.000000] BIOS-e820: [mem 0x0000000020200000-0x000000007ac75fff] usable
<6>[    0.000000] BIOS-e820: [mem 0x000000007ac76000-0x000000007aca5fff] reserved
<6>[    0.000000] BIOS-e820: [mem 0x000000007aca6000-0x000000007ae49fff] usable
<6>[    0.000000] BIOS-e820: [mem 0x000000007ae4a000-0x000000007b532fff] ACPI NVS
<6>[    0.000000] BIOS-e820: [mem 0x000000007b533000-0x000000007b879fff] reserved
<6>[    0.000000] BIOS-e820: [mem 0x000000007b87a000-0x000000007bffffff] usable
<6>[    0.000000] BIOS-e820: [mem 0x00000000e0000000-0x00000000e3ffffff] reserved
<6>[    0.000000] BIOS-e820: [mem 0x00000000fea00000-0x00000000feafffff] reserved
<6>[    0.000000] BIOS-e820: [mem 0x00000000fec00000-0x00000000fec00fff] reserved
<6>[    0.000000] BIOS-e820: [mem 0x00000000fed01000-0x00000000fed01fff] reserved
<6>[    0.000000] BIOS-e820: [mem 0x00000000fed03000-0x00000000fed03fff] reserved
<6>[    0.000000] BIOS-e820: [mem 0x00000000fed06000-0x00000000fed06fff] reserved
<6>[    0.000000] BIOS-e820: [mem 0x00000000fed08000-0x00000000fed09fff] reserved
<6>[    0.000000] BIOS-e820: [mem 0x00000000fed1c000-0x00000000fed1cfff] reserved
<6>[    0.000000] BIOS-e820: [mem 0x00000000fed80000-0x00000000fedbffff] reserved
<6>[    0.000000] BIOS-e820: [mem 0x00000000fee00000-0x00000000fee00fff] reserved
<6>[    0.000000] BIOS-e820: [mem 0x00000000ffa00000-0x00000000ffffffff] reserved
<6>[    0.000000] NX (Execute Disable) protection: active
<6>[    0.000000] e820: user-defined physical RAM map:
<6>[    0.000000] user: [mem 0x0000000000000000-0x000000000008efff] usable
<6>[    0.000000] user: [mem 0x000000000008f000-0x000000000008ffff] ACPI NVS
<6>[    0.000000] user: [mem 0x0000000000090000-0x000000000009dfff] usable
<6>[    0.000000] user: [mem 0x000000000009e000-0x000000000009ffff] reserved
<6>[    0.000000] user: [mem 0x0000000000100000-0x000000001effffff] usable
<6>[    0.000000] user: [mem 0x000000001f000000-0x00000000201fffff] reserved
<6>[    0.000000] user: [mem 0x0000000020200000-0x000000005c3fffff] usable
<6>[    0.000000] user: [mem 0x000000005c400000-0x000000005c7fffff] reserved
<6>[    0.000000] user: [mem 0x000000005c800000-0x000000007ac75fff] usable
<6>[    0.000000] user: [mem 0x000000007ac76000-0x000000007aca5fff] reserved
<6>[    0.000000] user: [mem 0x000000007aca6000-0x000000007ae49fff] usable
<6>[    0.000000] user: [mem 0x000000007ae4a000-0x000000007b532fff] ACPI NVS
<6>[    0.000000] user: [mem 0x000000007b533000-0x000000007b879fff] reserved
<6>[    0.000000] user: [mem 0x000000007b87a000-0x000000007bffffff] usable
<6>[    0.000000] user: [mem 0x00000000e0000000-0x00000000e3ffffff] reserved
<6>[    0.000000] user: [mem 0x00000000fea00000-0x00000000feafffff] reserved
<6>[    0.000000] user: [mem 0x00000000fec00000-0x00000000fec00fff] reserved
<6>[    0.000000] user: [mem 0x00000000fed01000-0x00000000fed01fff] reserved
<6>[    0.000000] user: [mem 0x00000000fed03000-0x00000000fed03fff] reserved
<6>[    0.000000] user: [mem 0x00000000fed06000-0x00000000fed06fff] reserved
<6>[    0.000000] user: [mem 0x00000000fed08000-0x00000000fed09fff] reserved
<6>[    0.000000] user: [mem 0x00000000fed1c000-0x00000000fed1cfff] reserved
<6>[    0.000000] user: [mem 0x00000000fed80000-0x00000000fedbffff] reserved
<6>[    0.000000] user: [mem 0x00000000fee00000-0x00000000fee00fff] reserved
<6>[    0.000000] user: [mem 0x00000000ffa00000-0x00000000ffffffff] reserved
<6>[    0.000000] efi: EFI v2.40 by American Megatrends
<6>[    0.000000] efi:  ACPI=0x7ae8e000  ACPI 2.0=0x7ae8e000  SMBIOS=0x7b6f0000 
<6>[    0.000000] efi: mem00: type=7, attr=0xf, range=[0x0000000000000000-0x0000000000001000) (0MB)
<6>[    0.000000] efi: mem01: type=2, attr=0xf, range=[0x0000000000001000-0x0000000000002000) (0MB)
<6>[    0.000000] efi: mem02: type=7, attr=0xf, range=[0x0000000000002000-0x000000000008f000) (0MB)
<6>[    0.000000] efi: mem03: type=10, attr=0xf, range=[0x000000000008f000-0x0000000000090000) (0MB)
<6>[    0.000000] efi: mem04: type=7, attr=0xf, range=[0x0000000000090000-0x000000000009d000) (0MB)
<6>[    0.000000] efi: mem05: type=2, attr=0xf, range=[0x000000000009d000-0x000000000009e000) (0MB)
<6>[    0.000000] efi: mem06: type=0, attr=0xf, range=[0x000000000009e000-0x00000000000a0000) (0MB)
<6>[    0.000000] efi: mem07: type=2, attr=0xf, range=[0x0000000000100000-0x000000000040f000) (3MB)
<6>[    0.000000] efi: mem08: type=7, attr=0xf, range=[0x000000000040f000-0x0000000001000000) (11MB)
<6>[    0.000000] efi: mem09: type=2, attr=0xf, range=[0x0000000001000000-0x00000000029ac000) (25MB)
<6>[    0.000000] efi: mem10: type=7, attr=0xf, range=[0x00000000029ac000-0x000000001f000000) (454MB)
<6>[    0.000000] efi: mem11: type=0, attr=0xf, range=[0x000000001f000000-0x0000000020200000) (18MB)
<6>[    0.000000] efi: mem12: type=7, attr=0xf, range=[0x0000000020200000-0x000000003fffc000) (509MB)
<6>[    0.000000] efi: mem13: type=2, attr=0xf, range=[0x000000003fffc000-0x0000000040000000) (0MB)
<6>[    0.000000] efi: mem14: type=7, attr=0xf, range=[0x0000000040000000-0x0000000072000000) (800MB)
<6>[    0.000000] efi: mem15: type=4, attr=0xf, range=[0x0000000072000000-0x0000000072020000) (0MB)
<6>[    0.000000] efi: mem16: type=7, attr=0xf, range=[0x0000000072020000-0x0000000077160000) (81MB)
<6>[    0.000000] efi: mem17: type=2, attr=0xf, range=[0x0000000077160000-0x0000000077bcf000) (10MB)
<6>[    0.000000] efi: mem18: type=7, attr=0xf, range=[0x0000000077bcf000-0x0000000077c5c000) (0MB)
<6>[    0.000000] efi: mem19: type=2, attr=0xf, range=[0x0000000077c5c000-0x0000000077c5e000) (0MB)
<6>[    0.000000] efi: mem20: type=1, attr=0xf, range=[0x0000000077c5e000-0x0000000078166000) (5MB)
<6>[    0.000000] efi: mem21: type=4, attr=0xf, range=[0x0000000078166000-0x000000007a676000) (37MB)
<6>[    0.000000] efi: mem22: type=7, attr=0xf, range=[0x000000007a676000-0x000000007a9ce000) (3MB)
<6>[    0.000000] efi: mem23: type=3, attr=0xf, range=[0x000000007a9ce000-0x000000007ac76000) (2MB)
<6>[    0.000000] efi: mem24: type=0, attr=0xf, range=[0x000000007ac76000-0x000000007aca6000) (0MB)
<6>[    0.000000] efi: mem25: type=7, attr=0xf, range=[0x000000007aca6000-0x000000007ae4a000) (1MB)
<6>[    0.000000] efi: mem26: type=10, attr=0xf, range=[0x000000007ae4a000-0x000000007b533000) (6MB)
<6>[    0.000000] efi: mem27: type=6, attr=0x800000000000000f, range=[0x000000007b533000-0x000000007b7f1000) (2MB)
<6>[    0.000000] efi: mem28: type=5, attr=0x800000000000000f, range=[0x000000007b7f1000-0x000000007b87a000) (0MB)
<6>[    0.000000] efi: mem29: type=4, attr=0xf, range=[0x000000007b87a000-0x000000007c000000) (7MB)
<6>[    0.000000] efi: mem30: type=12, attr=0x8000000000000001, range=[0x00000000e0000000-0x00000000e4000000) (64MB)
<6>[    0.000000] efi: mem31: type=11, attr=0x8000000000000001, range=[0x00000000fea00000-0x00000000feb00000) (1MB)
<6>[    0.000000] efi: mem32: type=11, attr=0x8000000000000001, range=[0x00000000fec00000-0x00000000fec01000) (0MB)
<6>[    0.000000] efi: mem33: type=11, attr=0x8000000000000001, range=[0x00000000fed01000-0x00000000fed02000) (0MB)
<6>[    0.000000] efi: mem34: type=11, attr=0x8000000000000001, range=[0x00000000fed03000-0x00000000fed04000) (0MB)
<6>[    0.000000] efi: mem35: type=11, attr=0x8000000000000001, range=[0x00000000fed06000-0x00000000fed07000) (0MB)
<6>[    0.000000] efi: mem36: type=11, attr=0x8000000000000001, range=[0x00000000fed08000-0x00000000fed0a000) (0MB)
<6>[    0.000000] efi: mem37: type=11, attr=0x8000000000000001, range=[0x00000000fed1c000-0x00000000fed1d000) (0MB)
<6>[    0.000000] efi: mem38: type=11, attr=0x8000000000000001, range=[0x00000000fed80000-0x00000000fedc0000) (0MB)
<6>[    0.000000] efi: mem39: type=11, attr=0x8000000000000001, range=[0x00000000fee00000-0x00000000fee01000) (0MB)
<6>[    0.000000] efi: mem40: type=11, attr=0x8000000000000001, range=[0x00000000ffa00000-0x0000000100000000) (6MB)
<6>[    0.000000] SMBIOS 3.0 present.
<7>[    0.000000] DMI: Hampoo M1A6_HOME/Cherry Trail CR, BIOS 5.11 02/28/2017
<7>[    0.000000] e820: update [mem 0x00000000-0x00000fff] usable ==> reserved
<7>[    0.000000] e820: remove [mem 0x000a0000-0x000fffff] usable
<6>[    0.000000] e820: last_pfn = 0x7c000 max_arch_pfn = 0x400000000
<7>[    0.000000] MTRR default type: uncachable
<7>[    0.000000] MTRR fixed ranges enabled:
<7>[    0.000000]   00000-9FFFF write-back
<7>[    0.000000]   A0000-FFFFF write-protect
<7>[    0.000000] MTRR variable ranges enabled:
<7>[    0.000000]   0 base 000000000 mask F80000000 write-back
<7>[    0.000000]   1 base 07E000000 mask FFE000000 uncachable
<7>[    0.000000]   2 base 07D000000 mask FFF000000 uncachable
<7>[    0.000000]   3 base 07C800000 mask FFF800000 uncachable
<7>[    0.000000]   4 base 07C400000 mask FFFC00000 uncachable
<7>[    0.000000]   5 disabled
<7>[    0.000000]   6 disabled
<7>[    0.000000]   7 disabled
<6>[    0.000000] x86 PAT enabled: cpu 0, old 0x7040600070406, new 0x7010600070106
<7>[    0.000000] original variable MTRRs
<7>[    0.000000] reg 0, base: 0GB, range: 2GB, type WB
<7>[    0.000000] reg 1, base: 2016MB, range: 32MB, type UC
<7>[    0.000000] reg 2, base: 2000MB, range: 16MB, type UC
<7>[    0.000000] reg 3, base: 1992MB, range: 8MB, type UC
<7>[    0.000000] reg 4, base: 1988MB, range: 4MB, type UC
<6>[    0.000000] total RAM covered: 1988M
<6>[    0.000000] Found optimal setting for mtrr clean up
<6>[    0.000000]  gran_size: 64K 	chunk_size: 64M 	num_reg: 5  	lose cover RAM: 0G
<7>[    0.000000] New variable MTRRs
<7>[    0.000000] reg 0, base: 0GB, range: 2GB, type WB
<7>[    0.000000] reg 1, base: 1988MB, range: 4MB, type UC
<7>[    0.000000] reg 2, base: 1992MB, range: 8MB, type UC
<7>[    0.000000] reg 3, base: 2000MB, range: 16MB, type UC
<7>[    0.000000] reg 4, base: 2016MB, range: 32MB, type UC
<6>[    0.000000] Scanning 1 areas for low memory corruption
<7>[    0.000000] Base memory trampoline at [ffff880000097000] 97000 size 28672
<6>[    0.000000] init_memory_mapping: [mem 0x00000000-0x000fffff]
<7>[    0.000000]  [mem 0x00000000-0x000fffff] page 4k
<7>[    0.000000] BRK [0x026e0000, 0x026e0fff] PGTABLE
<7>[    0.000000] BRK [0x026e1000, 0x026e1fff] PGTABLE
<7>[    0.000000] BRK [0x026e2000, 0x026e2fff] PGTABLE
<6>[    0.000000] init_memory_mapping: [mem 0x77e00000-0x77ffffff]
<7>[    0.000000]  [mem 0x77e00000-0x77ffffff] page 2M
<7>[    0.000000] BRK [0x026e3000, 0x026e3fff] PGTABLE
<6>[    0.000000] init_memory_mapping: [mem 0x74000000-0x77dfffff]
<7>[    0.000000]  [mem 0x74000000-0x77dfffff] page 2M
<6>[    0.000000] init_memory_mapping: [mem 0x00100000-0x1effffff]
<7>[    0.000000]  [mem 0x00100000-0x001fffff] page 4k
<7>[    0.000000]  [mem 0x00200000-0x1effffff] page 2M
<6>[    0.000000] init_memory_mapping: [mem 0x20200000-0x5c3fffff]
<7>[    0.000000]  [mem 0x20200000-0x5c3fffff] page 2M
<6>[    0.000000] init_memory_mapping: [mem 0x5c800000-0x73ffffff]
<7>[    0.000000]  [mem 0x5c800000-0x73ffffff] page 2M
<6>[    0.000000] init_memory_mapping: [mem 0x78000000-0x7ac75fff]
<7>[    0.000000]  [mem 0x78000000-0x7abfffff] page 2M
<7>[    0.000000]  [mem 0x7ac00000-0x7ac75fff] page 4k
<7>[    0.000000] BRK [0x026e4000, 0x026e4fff] PGTABLE
<6>[    0.000000] init_memory_mapping: [mem 0x7aca6000-0x7ae49fff]
<7>[    0.000000]  [mem 0x7aca6000-0x7ae49fff] page 4k
<7>[    0.000000] BRK [0x026e5000, 0x026e5fff] PGTABLE
<6>[    0.000000] init_memory_mapping: [mem 0x7b87a000-0x7bffffff]
<7>[    0.000000]  [mem 0x7b87a000-0x7b9fffff] page 4k
<7>[    0.000000]  [mem 0x7ba00000-0x7bffffff] page 2M
<6>[    0.000000] RAMDISK: [mem 0x00100000-0x0040efff]
<7>[    0.000000] ACPI: RSDP 000000007ae8e000 000024 (v02 ALASKA)
<7>[    0.000000] ACPI: XSDT 000000007ae8e0c0 0000FC (v01 ALASKA   A M I  01072009 AMI  00010013)
<7>[    0.000000] ACPI: FACP 000000007aea9f90 00010C (v05 ALASKA   A M I  01072009 AMI  00010013)
<7>[    0.000000] ACPI: DSDT 000000007ae8e250 01BD3D (v02 ALASKA   A M I  01072009 INTL 20120913)
<7>[    0.000000] ACPI: FACS 000000007b532f80 000040
<7>[    0.000000] ACPI: APIC 000000007aeaa0a0 000084 (v03 ALASKA   A M I  01072009 AMI  00010013)
<7>[    0.000000] ACPI: FPDT 000000007aeaa128 000044 (v01 ALASKA   A M I  01072009 AMI  00010013)
<7>[    0.000000] ACPI: FIDT 000000007aeaa170 00009C (v01 ALASKA   A M I  01072009 AMI  00010013)
<7>[    0.000000] ACPI: MCFG 000000007aeaa210 00003C (v01 ALASKA   A M I  01072009 MSFT 00000097)
<7>[    0.000000] ACPI: SSDT 000000007aeaa250 0041C7 (v01 DptfTb  DptfTab 00001000 INTL 20120913)
<7>[    0.000000] ACPI: SSDT 000000007aeae418 000645 (v01 CpuDpf  CpuDptf 00001000 INTL 20120913)
<7>[    0.000000] ACPI: SSDT 000000007aeaea60 000058 (v01  LowPM  LowPwrM 00001000 INTL 20120913)
<7>[    0.000000] ACPI: UEFI 000000007aeaeab8 000042 (v01 ALASKA   A M I  00000000      00000000)
<7>[    0.000000] ACPI: SSDT 000000007aeaeb00 000269 (v01 UsbCTb  UsbCTab 00001000 INTL 20120913)
<7>[    0.000000] ACPI: HPET 000000007aeaed70 000038 (v01 ALASKA   A M I  01072009 AMI. 00000005)
<7>[    0.000000] ACPI: SSDT 000000007aeaeda8 000763 (v01  PmRef    CpuPm 00003000 INTL 20120913)
<7>[    0.000000] ACPI: SSDT 000000007aeaf510 000290 (v01  PmRef  Cpu0Tst 00003000 INTL 20120913)
<7>[    0.000000] ACPI: SSDT 000000007aeaf7a0 00017A (v01  PmRef    ApTst 00003000 INTL 20120913)
<7>[    0.000000] ACPI: SSDT 000000007aeaf920 00043A (v01 Intel_ Tpm2Tabl 00001000 INTL 20120913)
<7>[    0.000000] ACPI: TPM2 000000007aeafd60 000034 (v03                 00000000      00000000)
<7>[    0.000000] ACPI: LPIT 000000007aeafd98 000104 (v01 ALASKA   A M I  00000005 MSFT 0100000D)
<7>[    0.000000] ACPI: BCFG 000000007aeafea0 000139 (v01 INTEL  BATTCONF 00000001 ACPI 00000000)
<7>[    0.000000] ACPI: PRAM 000000007aeaffe0 000030 (v01                 00000001      00000000)
<7>[    0.000000] ACPI: BGRT 000000007aeb0010 000038 (v01 ALASKA   A M I  01072009 AMI  00010013)
<7>[    0.000000] ACPI: CSRT 000000007aeb0048 00014C (v00 INTEL  LANFORDC 00000005 MSFT 0100000D)
<7>[    0.000000] ACPI: BCFG 000000007aeb0198 000139 (v01 INTEL  BATTCONF 00000001 ACPI 00000000)
<7>[    0.000000] ACPI: OEM0 000000007aeb02d8 000084 (v05 INTEL  BATTERY  00000005 ACPI 00000000)
<7>[    0.000000] ACPI: OEM1 000000007aeb0360 000040 (v01 INTEL  ENRGYMGT 00000005 ACPI 0100000D)
<7>[    0.000000] ACPI: PIDV 000000007aeb03a0 0000DC (v02                 00000002      00000000)
<7>[    0.000000] ACPI: RSCI 000000007aeb0480 00002C (v01 INTEL  BOOTSRC  00000000      00000000)
<7>[    0.000000] ACPI: WDAT 000000007aeb04b0 000104 (v01                 00000000      00000000)
<7>[    0.000000] ACPI: Local APIC address 0xfee00000
<7>[    0.000000]  [ffffea0000000000-ffffea0001ffffff] PMD -> [ffff880075800000-ffff8800777fffff] on node 0
<7>[    0.000000] Zone ranges:
<7>[    0.000000]   DMA      [mem 0x00001000-0x00ffffff]
<7>[    0.000000]   DMA32    [mem 0x01000000-0xffffffff]
<7>[    0.000000]   Normal   empty
<7>[    0.000000] Movable zone start for each node
<7>[    0.000000] Early memory node ranges
<7>[    0.000000]   node   0: [mem 0x00001000-0x0008efff]
<7>[    0.000000]   node   0: [mem 0x00090000-0x0009dfff]
<7>[    0.000000]   node   0: [mem 0x00100000-0x1effffff]
<7>[    0.000000]   node   0: [mem 0x20200000-0x5c3fffff]
<7>[    0.000000]   node   0: [mem 0x5c800000-0x7ac75fff]
<7>[    0.000000]   node   0: [mem 0x7aca6000-0x7ae49fff]
<7>[    0.000000]   node   0: [mem 0x7b87a000-0x7bffffff]
<7>[    0.000000] On node 0 totalpages: 499516
<7>[    0.000000]   DMA zone: 64 pages used for memmap
<7>[    0.000000]   DMA zone: 805 pages reserved
<7>[    0.000000]   DMA zone: 3996 pages, LIFO batch:0
<7>[    0.000000]   DMA32 zone: 7872 pages used for memmap
<7>[    0.000000]   DMA32 zone: 495520 pages, LIFO batch:31
<6>[    0.000000] x86/hpet: Will disable the HPET for this platform because it's not reliable
<6>[    0.000000] Reserving Intel graphics stolen memory at 0x7ce00000-0x7edfffff
<6>[    0.000000] ACPI: PM-Timer IO Port: 0x408
<7>[    0.000000] ACPI: Local APIC address 0xfee00000
<6>[    0.000000] ACPI: LAPIC (acpi_id[0x01] lapic_id[0x00] enabled)
<6>[    0.000000] ACPI: LAPIC (acpi_id[0x02] lapic_id[0x02] enabled)
<6>[    0.000000] ACPI: LAPIC (acpi_id[0x03] lapic_id[0x04] enabled)
<6>[    0.000000] ACPI: LAPIC (acpi_id[0x04] lapic_id[0x06] enabled)
<6>[    0.000000] ACPI: LAPIC_NMI (acpi_id[0x01] high edge lint[0x1])
<6>[    0.000000] ACPI: LAPIC_NMI (acpi_id[0x02] high edge lint[0x1])
<6>[    0.000000] ACPI: LAPIC_NMI (acpi_id[0x03] high edge lint[0x1])
<6>[    0.000000] ACPI: LAPIC_NMI (acpi_id[0x04] high edge lint[0x1])
<6>[    0.000000] ACPI: IOAPIC (id[0x01] address[0xfec00000] gsi_base[0])
<6>[    0.000000] IOAPIC[0]: apic_id 1, version 32, address 0xfec00000, GSI 0-114
<6>[    0.000000] ACPI: INT_SRC_OVR (bus 0 bus_irq 0 global_irq 2 dfl dfl)
<6>[    0.000000] ACPI: INT_SRC_OVR (bus 0 bus_irq 9 global_irq 9 high level)
<7>[    0.000000] ACPI: IRQ0 used by override.
<7>[    0.000000] ACPI: IRQ2 used by override.
<7>[    0.000000] ACPI: IRQ9 used by override.
<6>[    0.000000] Using ACPI (MADT) for SMP configuration information
<6>[    0.000000] ACPI: HPET id: 0x8086a201 base: 0xfed00000
<6>[    0.000000] smpboot: Allowing 4 CPUs, 0 hotplug CPUs
<7>[    0.000000] nr_irqs_gsi: 131
<6>[    0.000000] e820: [mem 0x7ee00000-0xdfffffff] available for PCI devices
<6>[    0.000000] setup_percpu: NR_CPUS:4 nr_cpumask_bits:4 nr_cpu_ids:4 nr_node_ids:1
<6>[    0.000000] PERCPU: Embedded 26 pages/cpu @ffff880077e00000 s77312 r8192 d20992 u524288
<7>[    0.000000] pcpu-alloc: s77312 r8192 d20992 u524288 alloc=1*2097152
<7>[    0.000000] pcpu-alloc: [0] 0 1 2 3 
<7>[    0.000000] Built 1 zonelists in Zone order, mobility grouping on.  Total pages: 490775
<5>[    0.000000] Kernel command line: console=tty0 shutdown_reason=no_applicable watchdog_reset_reason=security_watchdog androidboot.bootreason=reboot androidboot.serialno=0123456789ABCDEF g_ffs.iSerialNumber=0123456789ABCDEF loglevel=5 androidboot.hardware=cht_cr_mrd_w firmware_class.path=/system/etc/firmware i915.fastboot=1 memmap=4M$0x5c400000 vga=current i915.modeset=1 drm.vblankoffdelay=1 enforcing=0 androidboot.selinux=permissive console=ttyS0,115200n8 bootboost=1 pm_suspend_debug=1 pstore.backend=ramoops
<6>[    0.000000] PID hash table entries: 4096 (order: 3, 32768 bytes)
<6>[    0.000000] Dentry cache hash table entries: 262144 (order: 9, 2097152 bytes)
<6>[    0.000000] Inode-cache hash table entries: 131072 (order: 8, 1048576 bytes)
<7>[    0.000000] Memory: 1886488K/1998064K available (10341K kernel code, 2179K rwdata, 4920K rodata, 1368K init, 1408K bss, 111576K reserved)
<6>[    0.000000] SLUB: HWalign=64, Order=0-3, MinObjects=0, CPUs=4, Nodes=1
<6>[    0.000000] Preemptible hierarchical RCU implementation.
<6>[    0.000000] 	RCU dyntick-idle grace-period acceleration is enabled.
<6>[    0.000000] 	Additional per-CPU info printed with stalls.
<6>[    0.000000] NR_IRQS:4352 nr_irqs:1024 16
<6>[    0.000000] console [ttyS0] enabled
<6>[    0.000000] allocated 8388608 bytes of page_cgroup
<6>[    0.000000] please try 'cgroup_disable=memory' option if you don't want memory cgroups
<6>[    0.000000] kmemleak: Kernel memory leak detector disabled
<6>[    0.000000] tsc: Fast TSC calibration failed
<6>[    0.000000] tsc: PIT calibration matches PMTIMER. 1 loops
<6>[    0.000000] tsc: Detected 1439.977 MHz processor
<6>[    0.000064] Calibrating delay loop (skipped), value calculated using timer frequency.. 2879.95 BogoMIPS (lpj=1439977)
<6>[    0.000074] pid_max: default: 32768 minimum: 301
<6>[    0.000107] ACPI: Core revision 20131218
<7>[    0.054167] ACPI: All ACPI Tables successfully acquired
<6>[    0.055254] Security Framework initialized
<6>[    0.055268] SELinux:  Initializing.
<7>[    0.055292] SELinux:  Starting in permissive mode
<6>[    0.055329] Mount-cache hash table entries: 4096 (order: 3, 32768 bytes)
<6>[    0.055337] Mountpoint-cache hash table entries: 4096 (order: 3, 32768 bytes)
<6>[    0.055836] Initializing cgroup subsys memory
<6>[    0.055852] Initializing cgroup subsys freezer
<6>[    0.055902] CPU: Physical Processor ID: 0
<6>[    0.055908] CPU: Processor Core ID: 0
<4>[    0.055916] ENERGY_PERF_BIAS: Set to 'normal', was 'performance'
<4>[    0.055916] ENERGY_PERF_BIAS: View and update with x86_energy_perf_policy(8)
<6>[    0.076067] mce: CPU supports 6 MCE banks
<6>[    0.076083] CPU0: Thermal monitoring enabled (TM1)
<6>[    0.076097] Last level iTLB entries: 4KB 48, 2MB 0, 4MB 0
<6>[    0.076097] Last level dTLB entries: 4KB 256, 2MB 16, 4MB 16, 1GB 0
<6>[    0.076097] tlb_flushall_shift: 6
<6>[    0.076303] Freeing SMP alternatives memory: 28K (ffffffff82578000 - ffffffff8257f000)
<6>[    0.080256] ftrace: allocating 36722 entries in 144 pages
<6>[    0.113047] ..TIMER: vector=0x30 apic1=0 pin1=2 apic2=0 pin2=0
<6>[    0.123058] smpboot: CPU0: Intel(R) Atom(TM) x5-Z8350  CPU @ 1.44GHz (fam: 06, model: 4c, stepping: 04)
<7>[    0.123102] TSC deadline timer enabled
<6>[    0.123127] Performance Events: PEBS fmt2+, 8-deep LBR, Silvermont events, full-width counters, Intel PMU driver.
<6>[    0.123149] ... version:                3
<6>[    0.123152] ... bit width:              40
<6>[    0.123157] ... generic registers:      2
<6>[    0.123161] ... value mask:             000000ffffffffff
<6>[    0.123164] ... max period:             000000ffffffffff
<6>[    0.123167] ... fixed-purpose events:   3
<6>[    0.123170] ... event mask:             0000000700000003
<6>[    0.127178] ftrace: Allocated trace_printk buffers
<6>[    0.132094] EM:OEM0  table found, size=132
<6>[    0.136642] x86: Booting SMP configuration:
<6>[    0.136650] .... node  #0, CPUs:      #1
<6>[    0.153440] NMI watchdog: enabled on all CPUs, permanently consumes one hw-PMU counter.
<7>[    0.155716]  #2 #3
<6>[    0.191346] Skipped synchronization checks as TSC is reliable.
<6>[    0.191423] x86: Booted up 1 node, 4 CPUs
<6>[    0.191431] smpboot: Total of 4 processors activated (11519.81 BogoMIPS)
<6>[    0.192688] devtmpfs: initialized
<6>[    0.193879] PM: Registering ACPI NVS region [mem 0x0008f000-0x0008ffff] (4096 bytes)
<6>[    0.193886] PM: Registering ACPI NVS region [mem 0x7ae4a000-0x7b532fff] (7245824 bytes)
<6>[    0.197302] pinctrl core: initialized pinctrl subsystem
<6>[    0.197896] regulator-dummy: no parameters
<6>[    0.198068] RTC time: 22:23:06, date: 09/21/16
<6>[    0.198189] NET: Registered protocol family 16
<6>[    0.199787] cpuidle: using governor ladder
<6>[    0.199794] cpuidle: using governor menu
<6>[    0.200156] ACPI: bus type PCI registered
<6>[    0.200163] acpiphp: ACPI Hot Plug PCI Controller Driver version: 0.5
<6>[    0.200753] PCI: MMCONFIG for domain 0000 [bus 00-ff] at [mem 0xe0000000-0xefffffff] (base 0xe0000000)
<6>[    0.200762] PCI: MMCONFIG at [mem 0xe0000000-0xefffffff] reserved in E820
<6>[    0.200769] PCI: MMCONFIG for 0000 [bus00-3f] at [mem 0xe0000000-0xe3ffffff] (base 0xe0000000) (size reduced!)
<6>[    0.200972] PCI: Using configuration type 1 for base access
<6>[    0.245672] bio: create slab <bio-0> at 0
<6>[    0.246591] ACPI: Added _OSI(Module Device)
<6>[    0.246598] ACPI: Added _OSI(Processor Device)
<6>[    0.246602] ACPI: Added _OSI(3.0 _SCP Extensions)
<6>[    0.246606] ACPI: Added _OSI(Processor Aggregator Device)
<7>[    0.298575] ACPI: SSDT 000000007aca0618 00059C (v01  PmRef  Cpu0Ist 00003000 INTL 20120913)
<7>[    0.301501] ACPI: Dynamic OEM Table Load:
<7>[    0.301510] ACPI: SSDT           (null) 00059C (v01  PmRef  Cpu0Ist 00003000 INTL 20120913)
<7>[    0.301794] ACPI: SSDT 000000007aca0c18 0003A5 (v01  PmRef  Cpu0Cst 00003001 INTL 20120913)
<7>[    0.304690] ACPI: Dynamic OEM Table Load:
<7>[    0.304699] ACPI: SSDT           (null) 0003A5 (v01  PmRef  Cpu0Cst 00003001 INTL 20120913)
<7>[    0.305412] ACPI: SSDT 000000007aca2e18 00015F (v01  PmRef    ApIst 00003000 INTL 20120913)
<7>[    0.308366] ACPI: Dynamic OEM Table Load:
<7>[    0.308374] ACPI: SSDT           (null) 00015F (v01  PmRef    ApIst 00003000 INTL 20120913)
<7>[    0.308608] ACPI: SSDT 000000007aca1f18 00008D (v01  PmRef    ApCst 00003000 INTL 20120913)
<7>[    0.311506] ACPI: Dynamic OEM Table Load:
<7>[    0.311515] ACPI: SSDT           (null) 00008D (v01  PmRef    ApCst 00003000 INTL 20120913)
<6>[    0.314415] ACPI: Interpreter enabled
<7>[    0.314434] ACPI Exception: AE_NOT_FOUND, While evaluating Sleep State [\_S1_] (20131218/hwxface-580)
<7>[    0.314450] ACPI Exception: AE_NOT_FOUND, While evaluating Sleep State [\_S2_] (20131218/hwxface-580)
<7>[    0.314462] ACPI Exception: AE_NOT_FOUND, While evaluating Sleep State [\_S3_] (20131218/hwxface-580)
<6>[    0.314488] ACPI: (supports S0 S5 S0idle)
<6>[    0.314495] ACPI: Using IOAPIC for interrupt routing
<6>[    0.314741] PCI: Using host bridge windows from ACPI; if necessary, use "pci=nocrs" and report a bug
<6>[    0.315819] ACPI: No dock devices found.
<6>[    0.317994] ACPI: Power Resource [P06X] (off)
<6>[    0.322209] ACPI: Power Resource [ID3C] (on)
<6>[    0.328728] ACPI: Power Resource [USBC] (on)
<6>[    0.331586] ACPI: Power Resource [WWPR] (off)
<6>[    0.332796] ACPI: Power Resource [WWPR] (off)
<6>[    0.335369] ACPI: Power Resource [WWPR] (off)
<6>[    0.336693] ACPI: Power Resource [WWPR] (off)
<6>[    0.337884] ACPI: Power Resource [WWPR] (off)
<6>[    0.339134] ACPI: Power Resource [WWPR] (off)
<6>[    0.361291] ACPI: Power Resource [CLK2] (on)
<6>[    0.365442] ACPI: \_SB_.PCI0.I2C1.BATC: is added to dep device list.
<6>[    0.366181] ACPI: Power Resource [CLK3] (on)
<6>[    0.366406] ACPI: Power Resource [CLK4] (on)
<6>[    0.375133] ACPI: Power Resource [CLK2] (on)
<6>[    0.375366] ACPI: Power Resource [CLK1] (on)
<6>[    0.377984] ACPI: Power Resource [CLK0] (on)
<6>[    0.378210] ACPI: Power Resource [CLK1] (on)
<6>[    0.381107] ACPI: Power Resource [CLK5] (off)
<6>[    0.387141] ACPI: \_SB_.PCI0.I2C7.BATC: is added to dep device list.
<6>[    0.400897] ACPI: Power Resource [P28X] (off)
<6>[    0.401159] ACPI: Power Resource [P18X] (off)
<6>[    0.401410] ACPI: Power Resource [P12X] (off)
<6>[    0.401653] ACPI: Power Resource [P28P] (off)
<6>[    0.401911] ACPI: Power Resource [P18P] (off)
<6>[    0.402160] ACPI: Power Resource [P12P] (off)
<6>[    0.402383] ACPI: Power Resource [P19X] (off)
<6>[    0.402642] ACPI: Power Resource [P12A] (off)
<6>[    0.402880] ACPI: Power Resource [P28T] (off)
<6>[    0.403175] ACPI: Power Resource [P18D] (off)
<6>[    0.403402] ACPI: Power Resource [P18T] (off)
<6>[    0.403620] ACPI: Power Resource [P3P3] (off)
<6>[    0.403849] ACPI: Power Resource [P12T] (off)
<6>[    0.404076] ACPI: Power Resource [P28W] (off)
<6>[    0.404302] ACPI: Power Resource [P18W] (off)
<6>[    0.404522] ACPI: Power Resource [P12W] (off)
<6>[    0.404753] ACPI: Power Resource [P33W] (off)
<6>[    0.404972] ACPI: Power Resource [P33X] (off)
<6>[    0.405205] ACPI: Power Resource [P4BW] (off)
<6>[    0.419300] ACPI: PCI Root Bridge [PCI0] (domain 0000 [bus 00-ff])
<6>[    0.419318] acpi PNP0A08:00: _OSC: OS supports [ExtendedConfig ASPM ClockPM Segments MSI]
<6>[    0.419966] acpi PNP0A08:00: _OSC: OS now controls [PCIeHotplug PME AER PCIeCapability]
<6>[    0.420814] acpi PNP0A08:00: [Firmware Info]: MMCONFIG for domain 0000 [bus 00-3f] only partially covers this bridge
<6>[    0.421758] PCI host bridge to bus 0000:00
<6>[    0.421769] pci_bus 0000:00: root bus resource [bus 00-ff]
<6>[    0.421776] pci_bus 0000:00: root bus resource [io  0x0000-0x006f]
<6>[    0.421782] pci_bus 0000:00: root bus resource [io  0x0078-0x0cf7]
<6>[    0.421787] pci_bus 0000:00: root bus resource [io  0x0d00-0xffff]
<6>[    0.421793] pci_bus 0000:00: root bus resource [mem 0x000a0000-0x000bffff]
<6>[    0.421799] pci_bus 0000:00: root bus resource [mem 0x000c0000-0x000dffff]
<6>[    0.421804] pci_bus 0000:00: root bus resource [mem 0x000e0000-0x000fffff]
<6>[    0.421810] pci_bus 0000:00: root bus resource [mem 0x20000000-0x201fffff]
<6>[    0.421815] pci_bus 0000:00: root bus resource [mem 0x7ce00001-0x7ee00000]
<6>[    0.421821] pci_bus 0000:00: root bus resource [mem 0x80000000-0xdfffffff]
<7>[    0.421840] pci 0000:00:00.0: [8086:2280] type 00 class 0x060000
<7>[    0.422474] pci 0000:00:02.0: [8086:22b0] type 00 class 0x030000
<7>[    0.422527] pci 0000:00:02.0: reg 0x10: [mem 0x90000000-0x90ffffff 64bit]
<7>[    0.422554] pci 0000:00:02.0: reg 0x18: [mem 0x80000000-0x8fffffff 64bit pref]
<7>[    0.422573] pci 0000:00:02.0: reg 0x20: [io  0xf000-0xf03f]
<7>[    0.423117] pci 0000:00:03.0: [8086:22b8] type 00 class 0x048000
<7>[    0.423153] pci 0000:00:03.0: reg 0x10: [mem 0x91000000-0x913fffff]
<7>[    0.423728] pci 0000:00:0b.0: [8086:22dc] type 00 class 0x118000
<7>[    0.423771] pci 0000:00:0b.0: reg 0x10: [mem 0x91a3d000-0x91a3dfff 64bit]
<7>[    0.424374] pci 0000:00:14.0: [8086:22b5] type 00 class 0x0c0330
<7>[    0.424423] pci 0000:00:14.0: reg 0x10: [mem 0x91a00000-0x91a0ffff 64bit]
<7>[    0.424559] pci 0000:00:14.0: PME# supported from D3hot D3cold
<6>[    0.424819] pci 0000:00:14.0: System wakeup disabled by ACPI
<7>[    0.425057] pci 0000:00:16.0: [8086:22b7] type 00 class 0x0c03fe
<7>[    0.425089] pci 0000:00:16.0: reg 0x10: [mem 0x91400000-0x915fffff]
<7>[    0.425217] pci 0000:00:16.0: PME# supported from D0 D3hot
<7>[    0.425647] pci 0000:00:1a.0: [8086:2298] type 00 class 0x108000
<7>[    0.425685] pci 0000:00:1a.0: reg 0x10: [mem 0x91900000-0x919fffff]
<7>[    0.425704] pci 0000:00:1a.0: reg 0x14: [mem 0x91800000-0x918fffff]
<7>[    0.425833] pci 0000:00:1a.0: PME# supported from D0 D3hot
<7>[    0.426281] pci 0000:00:1f.0: [8086:229c] type 00 class 0x060100
<7>[    0.426820] pci_bus 0000:00: on NUMA node 0
<6>[    0.441596] ACPI: PCI Interrupt Link [LNKA] (IRQs 3 4 5 6 10 11 12 14 15) *0, disabled.
<6>[    0.441795] ACPI: PCI Interrupt Link [LNKB] (IRQs 3 4 5 6 10 11 12 14 15) *0, disabled.
<6>[    0.441985] ACPI: PCI Interrupt Link [LNKC] (IRQs 3 4 5 6 10 11 12 14 15) *0, disabled.
<6>[    0.442191] ACPI: PCI Interrupt Link [LNKD] (IRQs 3 4 5 6 10 11 12 14 15) *0, disabled.
<6>[    0.442389] ACPI: PCI Interrupt Link [LNKE] (IRQs 3 4 5 6 10 11 12 14 15) *0, disabled.
<6>[    0.442582] ACPI: PCI Interrupt Link [LNKF] (IRQs 3 4 5 6 10 11 12 14 15) *0, disabled.
<6>[    0.442769] ACPI: PCI Interrupt Link [LNKG] (IRQs 3 4 5 6 10 11 12 14 15) *0, disabled.
<6>[    0.442965] ACPI: PCI Interrupt Link [LNKH] (IRQs 3 4 5 6 10 11 12 14 15) *0, disabled.
<7>[    0.446856] ACPI: Enabled 1 GPEs in block 00 to 3F
<6>[    0.447425] dw_dmac 80862286:00: DesignWare DMA Controller, 8 channels
<6>[    0.449043] dw_dmac 808622C0:00: DesignWare DMA Controller, 8 channels
<6>[    0.451189] vgaarb: device added: PCI:0000:00:02.0,decodes=io+mem,owns=io+mem,locks=none
<6>[    0.451200] vgaarb: loaded
<6>[    0.451204] vgaarb: bridge control possible 0000:00:02.0
<6>[    0.451542] pwm-byt-plat 80862288:00: PWM device probed: pwm_num=0, mmio_base=ffffc90000076000 clk_khz=19200
<6>[    0.451858] pwm-byt-plat 80862289:00: PWM device probed: pwm_num=1, mmio_base=ffffc9000007e000 clk_khz=19200
<5>[    0.452601] SCSI subsystem initialized
<7>[    0.452998] libata version 3.00 loaded.
<6>[    0.461259] ACPI: bus type USB registered
<6>[    0.461514] usbcore: registered new interface driver usbfs
<6>[    0.461644] usbcore: registered new interface driver hub
<6>[    0.461822] usbcore: registered new device driver usb
<6>[    0.462642] media: Linux media interface: v0.10
<6>[    0.462768] Linux video capture interface: v2.00
<6>[    0.462982] pps_core: LinuxPPS API ver. 1 registered
<6>[    0.462988] pps_core: Software ver. 5.3.6 - Copyright 2005-2007 Rodolfo Giometti <giometti@linux.it>
<6>[    0.463089] PTP clock support registered
<6>[    0.464170] Advanced Linux Sound Architecture Driver Initialized.
<6>[    0.464177] PCI: Using ACPI for IRQ routing
<7>[    0.466973] PCI: pci_cache_line_size set to 64 bytes
<7>[    0.467029] Expanded resource reserved due to conflict with PCI Bus 0000:00
<7>[    0.467036] e820: reserve RAM buffer [mem 0x0008f000-0x0008ffff]
<7>[    0.467042] e820: reserve RAM buffer [mem 0x0009e000-0x0009ffff]
<7>[    0.467047] e820: reserve RAM buffer [mem 0x1f000000-0x1fffffff]
<7>[    0.467051] e820: reserve RAM buffer [mem 0x5c400000-0x5fffffff]
<7>[    0.467056] e820: reserve RAM buffer [mem 0x7ac76000-0x7bffffff]
<7>[    0.467060] e820: reserve RAM buffer [mem 0x7ae4a000-0x7bffffff]
<6>[    0.468570] Switched to clocksource refined-jiffies
<6>[    0.501261] pnp: PnP ACPI init
<6>[    0.501325] ACPI: bus type PNP registered
<7>[    0.501770] pnp 00:00: Plug and Play ACPI device, IDs INT0800 (active)
<6>[    0.502024] system 00:01: [io  0x0680-0x069f] has been reserved
<6>[    0.502033] system 00:01: [io  0x0400-0x047f] has been reserved
<6>[    0.502039] system 00:01: [io  0x0500-0x05fe] has been reserved
<7>[    0.502051] system 00:01: Plug and Play ACPI device, IDs PNP0c02 (active)
<7>[    0.502381] pnp 00:02: Plug and Play ACPI device, IDs PNP0501 (active)
<7>[    0.506994] pnp 00:03: Plug and Play ACPI device, IDs INT33f4 (active)
<6>[    0.509921] system 00:04: [mem 0x91a3b000-0x91a3bfff] has been reserved
<6>[    0.509932] system 00:04: [mem 0x91a39000-0x91a39fff] has been reserved
<6>[    0.509939] system 00:04: [mem 0x91a37000-0x91a37fff] has been reserved
<6>[    0.509945] system 00:04: [mem 0x91a26000-0x91a26fff] has been reserved
<6>[    0.509952] system 00:04: [mem 0x91a24000-0x91a24fff] has been reserved
<6>[    0.509958] system 00:04: [mem 0x91a22000-0x91a22fff] has been reserved
<6>[    0.509964] system 00:04: [mem 0x91a20000-0x91a20fff] has been reserved
<6>[    0.509971] system 00:04: [mem 0x91a1e000-0x91a1efff] has been reserved
<6>[    0.509977] system 00:04: [mem 0x91a1c000-0x91a1cfff] has been reserved
<6>[    0.509983] system 00:04: [mem 0x91a1a000-0x91a1afff] has been reserved
<6>[    0.509989] system 00:04: [mem 0x91a18000-0x91a18fff] has been reserved
<6>[    0.509996] system 00:04: [mem 0x91a35000-0x91a35fff] has been reserved
<6>[    0.510003] system 00:04: [mem 0x91a33000-0x91a33fff] has been reserved
<6>[    0.510010] system 00:04: [mem 0x91a31000-0x91a31fff] has been reserved
<6>[    0.510017] system 00:04: [mem 0x91a2f000-0x91a2ffff] has been reserved
<6>[    0.510029] system 00:04: [mem 0x91a2d000-0x91a2dfff] has been reserved
<6>[    0.510043] system 00:04: [mem 0x91a2b000-0x91a2bfff] has been reserved
<6>[    0.510050] system 00:04: [mem 0x91a29000-0x91a29fff] has been reserved
<6>[    0.510056] system 00:04: [mem 0x91a27000-0x91a27fff] has been reserved
<7>[    0.510067] system 00:04: Plug and Play ACPI device, IDs PNP0c02 (active)
<6>[    0.510473] system 00:05: [mem 0xe0000000-0xefffffff] could not be reserved
<6>[    0.510483] system 00:05: [mem 0xfea00000-0xfeafffff] has been reserved
<6>[    0.510490] system 00:05: [mem 0xfed01000-0xfed01fff] has been reserved
<6>[    0.510496] system 00:05: [mem 0xfed03000-0xfed03fff] has been reserved
<6>[    0.510502] system 00:05: [mem 0xfed06000-0xfed06fff] has been reserved
<6>[    0.510509] system 00:05: [mem 0xfed08000-0xfed09fff] has been reserved
<6>[    0.510516] system 00:05: [mem 0xfed80000-0xfedbffff] has been reserved
<6>[    0.510522] system 00:05: [mem 0xfed1c000-0xfed1cfff] has been reserved
<6>[    0.510536] system 00:05: [mem 0xfee00000-0xfeefffff] could not be reserved
<7>[    0.510546] system 00:05: Plug and Play ACPI device, IDs PNP0c02 (active)
<7>[    0.511161] pnp 00:06: Plug and Play ACPI device, IDs PNP0b00 (active)
<7>[    0.511475] pnp 00:07: Plug and Play ACPI device, IDs PNP0103 (active)
<6>[    0.512377] chv_gpio 00:08: Cherryview GPIO GPO0 probed
<7>[    0.512390] chv_gpio 00:08: Plug and Play ACPI device, IDs INT33ff (active)
<6>[    0.513165] chv_gpio 00:09: Cherryview GPIO GPO1 probed
<7>[    0.513178] chv_gpio 00:09: Plug and Play ACPI device, IDs INT33ff (active)
<6>[    0.513767] chv_gpio 00:0a: Cherryview GPIO GPO2 probed
<7>[    0.513780] chv_gpio 00:0a: Plug and Play ACPI device, IDs INT33ff (active)
<6>[    0.514545] chv_gpio 00:0b: Cherryview GPIO GPO3 probed
<7>[    0.514576] chv_gpio 00:0b: Plug and Play ACPI device, IDs INT33ff (active)
<6>[    0.515364] chv_gpio 00:0c: Cherryview GPIO GPO4 probed
<7>[    0.515379] chv_gpio 00:0c: Plug and Play ACPI device, IDs INT33ff (active)
<7>[    0.516082] pnp 00:0d: Plug and Play ACPI device, IDs INTcfd9 PNP0c40 (active)
<7>[    0.516321] pnp 00:0e: Plug and Play ACPI device, IDs INT33bd (active)
<6>[    0.517508] pnp: PnP ACPI: found 15 devices
<6>[    0.517514] ACPI: bus type PNP unregistered
<6>[    0.519855] register_psy_notifier
<6>[    0.524628] Switched to clocksource acpi_pm
<6>[    0.524906] usb_otg_port INT3496:00: cannot request USB USB MUX, skipping it.
<6>[    0.531063] usb_otg_port INT3496:00: USB PORT ID: PERIPHERAL
<6>[    0.531085] usb_otg_port INT3496:00: driver successfully probed
<7>[    0.531284] pci_bus 0000:00: resource 4 [io  0x0000-0x006f]
<7>[    0.531293] pci_bus 0000:00: resource 5 [io  0x0078-0x0cf7]
<7>[    0.531299] pci_bus 0000:00: resource 6 [io  0x0d00-0xffff]
<7>[    0.531304] pci_bus 0000:00: resource 7 [mem 0x000a0000-0x000bffff]
<7>[    0.531310] pci_bus 0000:00: resource 8 [mem 0x000c0000-0x000dffff]
<7>[    0.531315] pci_bus 0000:00: resource 9 [mem 0x000e0000-0x000fffff]
<7>[    0.531321] pci_bus 0000:00: resource 10 [mem 0x20000000-0x201fffff]
<7>[    0.531326] pci_bus 0000:00: resource 11 [mem 0x7ce00001-0x7ee00000]
<7>[    0.531332] pci_bus 0000:00: resource 12 [mem 0x80000000-0xdfffffff]
<6>[    0.531413] NET: Registered protocol family 2
<6>[    0.531917] TCP established hash table entries: 16384 (order: 5, 131072 bytes)
<6>[    0.531994] TCP bind hash table entries: 16384 (order: 7, 524288 bytes)
<6>[    0.532212] TCP: Hash tables configured (established 16384 bind 16384)
<6>[    0.532274] TCP: reno registered
<6>[    0.532294] UDP hash table entries: 1024 (order: 4, 98304 bytes)
<6>[    0.532336] UDP-Lite hash table entries: 1024 (order: 4, 98304 bytes)
<6>[    0.532564] NET: Registered protocol family 1
<6>[    0.532752] platform RTL8723:00: wlan-enable GPIO 509 found
<6>[    0.533243] wlan_en_acpi: at 1800 mV 
<6>[    0.537046] intel_setup_crystal_cove_sd_regulators: sd_vsdio gpio 313
<6>[    0.537264] intel_setup_crystal_cove_sd_regulators: sd_vsdcard gpio 306
<7>[    0.537289] pci 0000:00:02.0: Boot video device
<7>[    0.537796] PCI: CLS 64 bytes, default 64
<6>[    0.539845] ACPI: \_SB_.PCI0.I2C1.BATC: Device_STA 0x00
<6>[    0.539908] ACPI: \_SB_.PCI0.I2C7.BATC: Device_STA 0x00
<6>[    0.541104] ACPI: \_SB_.PCI0.I2C1.BATC: Device_STA 0x00
<6>[    0.541165] ACPI: \_SB_.PCI0.I2C7.BATC: Device_STA 0x00
<6>[    0.542238] ACPI: \_SB_.PCI0.I2C1.BATC: Device_STA 0x00
<6>[    0.542296] ACPI: \_SB_.PCI0.I2C7.BATC: Device_STA 0x00
<6>[    0.543291] ACPI: \_SB_.PCI0.I2C1.BATC: Device_STA 0x00
<6>[    0.543350] ACPI: \_SB_.PCI0.I2C7.BATC: Device_STA 0x00
<6>[    0.544178] ACPI: \_SB_.PCI0.I2C1.BATC: Device_STA 0x00
<6>[    0.544237] ACPI: \_SB_.PCI0.I2C7.BATC: Device_STA 0x00
<6>[    0.544947] ACPI: \_SB_.PCI0.I2C1.BATC: Device_STA 0x00
<6>[    0.545009] ACPI: \_SB_.PCI0.I2C7.BATC: Device_STA 0x00
<6>[    0.545255] i2c_designware 808622C1:06: _SEM=1
<6>[    0.545262] i2c_designware 808622C1:06: Share controller with PUNIT
<6>[    0.547037] Dollar Cove: IC_TYPE 0x51
<6>[    0.547198] EM:OEM1  table found, size=64
<6>[    0.547207] dc_xpwr_get_acpi_cdata: BCFG table found, size=313
<3>[    0.547211] dc_xpwr_get_acpi_cdata: battid and fg_name mismatch!!!
<6>[    0.554141] dc_xpwr_get_fg_config_data: Loading default fg config.
<6>[    0.595463] intel_soc_pmic_i2c i2c-INT33F4:00: PMIC IRQ Base:456
<6>[    0.598752] ACPI: \_SB_.PCI0.I2C1.BATC: Device_STA 0x00
<6>[    0.598813] ACPI: \_SB_.PCI0.I2C7.BATC: Device_STA 0x00
<6>[    0.599104] Trying to unpack rootfs image as initramfs...
<6>[    0.731510] Freeing initrd memory: 3132K (ffff880000100000 - ffff88000040f000)
<6>[    0.732642] microcode: CPU0 sig=0x406c4, pf=0x1, revision=0x40a
<6>[    0.732660] microcode: CPU1 sig=0x406c4, pf=0x1, revision=0x40a
<6>[    0.732688] microcode: CPU2 sig=0x406c4, pf=0x1, revision=0x40a
<6>[    0.732713] microcode: CPU3 sig=0x406c4, pf=0x1, revision=0x40a
<6>[    0.732989] microcode: Microcode Update Driver: v2.00 <tigran@aivazian.fsnet.co.uk>, Peter Oruba
<6>[    0.735048] Scanning for low memory corruption every 60 seconds
<6>[    0.736912] SSE version of gcm_enc/dec engaged.
<6>[    0.738572] sha1_ssse3: Using SSSE3 optimized SHA-1 implementation
<6>[    0.738698] sha256_ssse3: Using SSSE3 optimized SHA-256 implementation
<6>[    0.738937] sha512_ssse3: Using SSSE3 optimized SHA-512 implementation
<6>[    0.739295] AVX instructions are not detected.
<6>[    0.739548] vlv2_plat_clk vlv2_plat_clk: vlv2_plat_clk initialized
<6>[    0.739815] iwlwifi platform init
<6>[    0.741505] futex hash table entries: 1024 (order: 4, 65536 bytes)
<5>[    0.741539] Initialise system trusted keyring
<6>[    0.741610] audit: initializing netlink subsys (disabled)
<5>[    0.741649] audit: type=2000 audit(1474496586.714:1): initialized
<5>[    0.835087] VFS: Disk quotas dquot_6.5.2
<7>[    0.835347] Dquot-cache hash table entries: 512 (order 0, 4096 bytes)
<6>[    0.838594] squashfs: version 4.0 (2009/01/31) Phillip Lougher
<6>[    0.839627] fuse init (API version 7.22)
<6>[    0.840400] msgmni has been set to 3785
<5>[    0.840733] Key type big_key registered
<7>[    0.840740] SELinux:  Registering netfilter hooks
<5>[    0.843467] Key type asymmetric registered
<5>[    0.843474] Asymmetric key parser 'x509' registered
<6>[    0.843951] Block layer SCSI generic (bsg) driver version 0.4 loaded (major 248)
<6>[    0.843959] io scheduler noop registered
<6>[    0.843963] io scheduler deadline registered
<6>[    0.844187] io scheduler cfq registered (default)
<3>[    0.844664] intel_soc_pmic_i2c i2c-INT33F4:00: Failed to translate GPIO to IRQ
<6>[    0.857078] pci_hotplug: PCI Hot Plug PCI Core version: 0.5
<6>[    0.857453] pciehp: PCI Express Hot Plug Controller Driver version: 0.4
<6>[    0.857965] simple-framebuffer simple-framebuffer.0: framebuffer at 0x80000000, 0x408000 bytes, mapped to 0xffffc90004100000
<6>[    0.857975] simple-framebuffer simple-framebuffer.0: format=a8r8g8b8, mode=1366x768x32, linelength=5504
<6>[    0.858265] simple-framebuffer simple-framebuffer.0: fb0: simplefb registered!
<7>[    0.858396] intel_idle: MWAIT substates: 0x33000020
<7>[    0.858402] intel_idle: v0.4 model 0x4C
<7>[    0.858406] intel_idle: lapic_timer_reliable_states 0xffffffff
<6>[    0.859661] input: Power Button as /devices/LNXSYSTM:00/device:00/PNP0C0C:00/input/input0
<6>[    0.859670] ACPI: Power Button [PWRB]
<6>[    0.860129] input: Power Button as /devices/LNXSYSTM:00/LNXPWRBN:00/input/input1
<6>[    0.860137] ACPI: Power Button [PWRF]
<6>[    0.871169] thermal LNXTHERM:00: registered as thermal_zone0
<6>[    0.871177] ACPI: Thermal Zone [TZ00] (0 C)
<6>[    0.873396] LDO_2: 3300 mV normal 
<3>[    0.873837] dcovex_regulator dcovex_regulator.9: No dcovex_regulator_info
<4>[    0.881482] dcovex_regulator: probe of dcovex_regulator.9 failed with error -22
<6>[    0.890423] Serial: 8250/16550 driver, 4 ports, IRQ sharing enabled
<6>[    0.910977] 00:02: ttyS0 at I/O 0x3f8 (irq = 4, base_baud = 115200) is a 16550A
<6>[    0.913518] Found a Designware HSU
<6>[    0.913672] 8086228A:00: ttyHSU0 at MMIO 0x91a21000 (irq = 39, base_baud = 2764800) is a hsu_port0
<6>[    0.914023] Found a Designware HSU
<6>[    0.914143] 8086228A:01: ttyHSU1 at MMIO 0x91a1f000 (irq = 40, base_baud = 2764800) is a hsu_port1
<4>[    0.915067] hpet: number irqs doesn't agree with number of timers
<6>[    0.922506] Non-volatile memory driver v1.3
<6>[    0.922551] Linux agpgart interface v0.103
<6>[    0.923119] [drm] Initialized drm 1.1.0 20060810
<6>[    0.926384] [drm] Memory usable by graphics device = 2048M
<7>[    0.926395] checking generic (80000000 408000) vs hw (80000000 10000000)
<6>[    0.926399] fb: switching to inteldrmfb from simple
<7>[    0.929886] i915 0000:00:02.0: irq 134 for MSI/MSI-X
<6>[    0.929917] [drm] Supports vblank timestamp caching Rev 2 (21.10.2013).
<6>[    0.929922] [drm] Driver supports precise vblank timestamp query.
<6>[    0.932362] vgaarb: device changed decodes: PCI:0000:00:02.0,olddecodes=io+mem,decodes=io+mem:owns=io+mem
<6>[    1.733460] tsc: Refined TSC clocksource calibration: 1439.952 MHz
<6>[    1.733930] Switched to clocksource tsc
<3>[    6.046750] [drm:wait_panel_status] *ERROR* Panel status timeout: status 00000000 control abcd000b
<6>[    6.874012] [drm] failed to retrieve link info, disabling eDP
<6>[    6.875181] [drm] hdmi port 3, ddc_bus 3, hpd_pin 6
<7>[    6.950842] intel_hdmi_detect Got edid, HDMI connected
<4>[    7.012948] i915 0000:00:02.0: Direct firmware load failed with error -2
<4>[    7.020473] i915 0000:00:02.0: Falling back to user helper
<7>[    7.020757] --lfy--before extcon_set_state-set-hotplug_switch=0 
<6>[    7.026675] i915 0000:00:02.0: fb0: inteldrmfb frame buffer device
<6>[    7.026684] i915 0000:00:02.0: registered panic notifier
<6>[    7.029113] ACPI: Video Device [GFX0] (multi-head: yes  rom: no  post: no)
<6>[    7.030995] acpi device:02: registered as cooling_device4
<6>[    7.032231] acpi device:03: registered as cooling_device5
<6>[    7.033706] acpi device:04: registered as cooling_device6
<6>[    7.035029] acpi device:05: registered as cooling_device7
<6>[    7.036547] acpi device:06: registered as cooling_device8
<6>[    7.037859] acpi device:07: registered as cooling_device9
<6>[    7.039416] acpi device:08: registered as cooling_device10
<6>[    7.040821] acpi device:09: registered as cooling_device11
<6>[    7.041200] input: Video Bus as /devices/LNXSYSTM:00/device:00/PNP0A08:00/LNXVIDEO:00/input/input2
<6>[    7.041558] [drm] Initialized i915 1.6.0 20080730 for 0000:00:02.0 on minor 0
<6>[    7.056003] brd: module loaded
<6>[    7.062345] loop: module loaded
<6>[    7.062967] zram: Created 1 device(s) ...
<7>[    7.063687] mei_txe 0000:00:1a.0: irq 135 for MSI/MSI-X
<7>[    7.069142] enter jn5169_probe
<7>[    7.089561] Initializing  bt_event_init  
<6>[    7.090593] input: bt_event as /devices/virtual/input/input3
<7>[    7.091062] success to init bt_event device
<6>[    7.093674] tun: Universal TUN/TAP device driver, 1.6
<6>[    7.093681] tun: (C) 1999-2004 Max Krasnyansky <maxk@qualcomm.com>
<6>[    7.093910] PPP generic driver version 2.4.2
<6>[    7.094219] PPP BSD Compression module registered
<6>[    7.094225] PPP Deflate Compression module registered
<6>[    7.094240] PPP MPPE Compression module registered
<6>[    7.094246] NET: Registered protocol family 24
<6>[    7.094410] usbcore: registered new interface driver catc
<6>[    7.094553] usbcore: registered new interface driver kaweth
<6>[    7.094561] pegasus: v0.9.3 (2013/04/25), Pegasus/Pegasus II USB Ethernet driver
<6>[    7.094684] usbcore: registered new interface driver pegasus
<6>[    7.094806] usbcore: registered new interface driver rtl8150
<6>[    7.094927] usbcore: registered new interface driver r8152
<6>[    7.095065] usbcore: registered new interface driver asix
<6>[    7.095200] usbcore: registered new interface driver ax88179_178a
<6>[    7.095325] usbcore: registered new interface driver cdc_ether
<6>[    7.095449] usbcore: registered new interface driver cdc_eem
<6>[    7.095569] usbcore: registered new interface driver dm9601
<6>[    7.095701] usbcore: registered new interface driver smsc75xx
<6>[    7.095841] usbcore: registered new interface driver smsc95xx
<6>[    7.095965] usbcore: registered new interface driver net1080
<6>[    7.096092] usbcore: registered new interface driver cdc_subset
<6>[    7.096213] usbcore: registered new interface driver zaurus
<6>[    7.096338] usbcore: registered new interface driver MOSCHIP usb-ethernet driver
<6>[    7.096499] usbcore: registered new interface driver ipheth
<6>[    7.096629] usbcore: registered new interface driver sierra_net
<6>[    7.096762] usbcore: registered new interface driver cdc_ncm
<6>[    7.097680] EM:OEM1  table found, size=64
<6>[    7.097687] cht_otg_probe : usb none_compliance mode selected
<4>[    7.097904] usb_phy_gen_xceiv.1 supply vcc not found, using dummy regulator
<6>[    7.105772] usb_phy_gen_xceiv usb_phy_gen_xceiv.1: No RESET GPIO is available
<6>[    7.105780] usb_phy_gen_xceiv usb_phy_gen_xceiv.1: No CS GPIO is available
<6>[    7.306890] dwc3 dwc3.1.auto: dwc3_suspend_common
<6>[    7.307820] ehci_hcd: USB 2.0 'Enhanced' Host Controller (EHCI) Driver
<6>[    7.307837] ehci-pci: EHCI PCI platform driver
<6>[    7.308673] ohci_hcd: USB 1.1 'Open' Host Controller (OHCI) Driver
<6>[    7.308690] uhci_hcd: USB Universal Host Controller Interface driver
<6>[    7.309205] xhci_hcd 0000:00:14.0: xHCI Host Controller
<6>[    7.309473] xhci_hcd 0000:00:14.0: new USB bus registered, assigned bus number 1
<7>[    7.329701] xhci_hcd 0000:00:14.0: cache line size of 64 is not supported
<7>[    7.329769] xhci_hcd 0000:00:14.0: irq 136 for MSI/MSI-X
<6>[    7.329978] usb usb1: New USB device found, idVendor=1d6b, idProduct=0002
<6>[    7.329985] usb usb1: New USB device strings: Mfr=3, Product=2, SerialNumber=1
<6>[    7.329993] usb usb1: Product: xHCI Host Controller
<6>[    7.329998] usb usb1: Manufacturer: Linux 3.14.37-x86_64-L1-R517 xhci_hcd
<6>[    7.330003] usb usb1: SerialNumber: 0000:00:14.0
<6>[    7.331515] hub 1-0:1.0: USB hub found
<6>[    7.331574] hub 1-0:1.0: 7 ports detected
<6>[    7.334175] xhci_hcd 0000:00:14.0: xHCI Host Controller
<6>[    7.334453] xhci_hcd 0000:00:14.0: new USB bus registered, assigned bus number 2
<6>[    7.334761] usb usb2: New USB device found, idVendor=1d6b, idProduct=0003
<6>[    7.334769] usb usb2: New USB device strings: Mfr=3, Product=2, SerialNumber=1
<6>[    7.334775] usb usb2: Product: xHCI Host Controller
<6>[    7.334780] usb usb2: Manufacturer: Linux 3.14.37-x86_64-L1-R517 xhci_hcd
<6>[    7.334785] usb usb2: SerialNumber: 0000:00:14.0
<6>[    7.335471] hub 2-0:1.0: USB hub found
<6>[    7.335522] hub 2-0:1.0: 6 ports detected
<6>[    7.338676] Modem_Ctrl: Finish Power On Modem
<6>[    7.338835] usbcore: registered new interface driver cdc_acm
<6>[    7.338841] cdc_acm: USB Abstract Control Model driver for USB modems and ISDN adapters
<6>[    7.339014] usbcore: registered new interface driver usb-storage
<6>[    7.339163] usbcore: registered new interface driver ums-realtek
<6>[    7.339484] usbcore: registered new interface driver usbserial
<6>[    7.339625] usbcore: registered new interface driver usbserial_generic
<6>[    7.339763] usbserial: USB Serial support registered for generic
<6>[    7.339896] usbcore: registered new interface driver ark3116
<6>[    7.340028] usbserial: USB Serial support registered for ark3116
<6>[    7.340166] usbcore: registered new interface driver belkin_sa
<6>[    7.340294] usbserial: USB Serial support registered for Belkin / Peracom / GoHubs USB Serial Adapter
<6>[    7.340429] usbcore: registered new interface driver ch341
<6>[    7.340567] usbserial: USB Serial support registered for ch341-uart
<6>[    7.340701] usbcore: registered new interface driver cp210x
<6>[    7.340828] usbserial: USB Serial support registered for cp210x
<6>[    7.340970] usbcore: registered new interface driver digi_acceleport
<6>[    7.341100] usbserial: USB Serial support registered for Digi 2 port USB adapter
<6>[    7.341230] usbserial: USB Serial support registered for Digi 4 port USB adapter
<6>[    7.341391] usbcore: registered new interface driver f81232
<6>[    7.341528] usbserial: USB Serial support registered for f81232
<6>[    7.341669] usbcore: registered new interface driver ftdi_sio
<6>[    7.341794] usbserial: USB Serial support registered for FTDI USB Serial Device
<6>[    7.341968] usbcore: registered new interface driver mct_u232
<6>[    7.342101] usbserial: USB Serial support registered for MCT U232
<6>[    7.342234] usbcore: registered new interface driver mos7720
<6>[    7.342412] usbserial: USB Serial support registered for Moschip 2 port adapter
<6>[    7.342557] usbcore: registered new interface driver mos7840
<6>[    7.342689] usbserial: USB Serial support registered for Moschip 7840/7820 USB Serial Driver
<6>[    7.342826] usbcore: registered new interface driver option
<6>[    7.342958] usbserial: USB Serial support registered for GSM modem (1-port)
<6>[    7.343136] usbcore: registered new interface driver oti6858
<6>[    7.343269] usbserial: USB Serial support registered for oti6858
<6>[    7.343420] usbcore: registered new interface driver pl2303
<6>[    7.343546] usbserial: USB Serial support registered for pl2303
<6>[    7.343694] usbcore: registered new interface driver spcp8x5
<6>[    7.343819] usbserial: USB Serial support registered for SPCP8x5
<6>[    7.343947] usbcore: registered new interface driver ssu100
<6>[    7.344069] usbserial: USB Serial support registered for Quatech SSU-100 USB to Serial Driver
<6>[    7.344198] usbcore: registered new interface driver ti_usb_3410_5052
<6>[    7.344321] usbserial: USB Serial support registered for TI USB 3410 1 port adapter
<6>[    7.344476] usbserial: USB Serial support registered for TI USB 5052 2 port adapter
<6>[    7.344612] usbcore: registered new interface driver whiteheat
<6>[    7.344734] usbserial: USB Serial support registered for Connect Tech - WhiteHEAT - (prerenumeration)
<6>[    7.344857] usbserial: USB Serial support registered for Connect Tech - WhiteHEAT
<6>[    7.344983] usbcore: registered new interface driver keyspan_pda
<6>[    7.345103] usbserial: USB Serial support registered for Keyspan PDA
<6>[    7.345231] usbserial: USB Serial support registered for Xircom / Entregra PGS - (prerenumeration)
<6>[    7.345460] usbcore: registered new interface driver usb_ehset_test
<6>[    7.346405] mousedev: PS/2 mouse device common for all mice
<7>[    7.347388] ==============as9050_ts_init==============
<4>[    7.347625] ------------[ cut here ]------------
<4>[    7.352884] WARNING: CPU: 1 PID: 1 at ../../../../../../../kernel/cht/drivers/base/dd.c:286 driver_probe_device+0x2a4/0x3e0()
<4>[    7.365536] Modules linked in:
<4>[    7.368971] CPU: 1 PID: 1 Comm: swapper/0 Not tainted 3.14.37-x86_64-L1-R517 #1
<4>[    7.377150] Hardware name: Hampoo M1A6_HOME/Cherry Trail CR, BIOS 5.11 02/28/2017
<7>[    7.385531]  0000000000000009 ffff880074cb9d28 ffffffff819fea3a 0000000000000000
<7>[    7.385542]  ffff880074cb9d60 ffffffff81088a1d ffff880079205820 ffffffff8237d288
<7>[    7.385550]  ffffffff8237d288 0000000000000000 0000000000000000 ffff880074cb9d70
<7>[    7.385559] Call Trace:
<4>[    7.385574]  [<ffffffff819fea3a>] dump_stack+0x4e/0x7a
<4>[    7.391343]  [<ffffffff81088a1d>] warn_slowpath_common+0x7d/0xa0
<4>[    7.398072]  [<ffffffff81088afa>] warn_slowpath_null+0x1a/0x20
<4>[    7.404605]  [<ffffffff81571544>] driver_probe_device+0x2a4/0x3e0
<4>[    7.411427]  [<ffffffff81571753>] __driver_attach+0x93/0xa0
<4>[    7.417658]  [<ffffffff815716c0>] ? __device_attach+0x40/0x40
<4>[    7.424095]  [<ffffffff8156f313>] bus_for_each_dev+0x63/0xa0
<4>[    7.430431]  [<ffffffff81570d7e>] driver_attach+0x1e/0x20
<4>[    7.436474]  [<ffffffff81570960>] bus_add_driver+0x180/0x250
<6>[    7.437551] wgq[hub_suspend-3520] msg[1] 
<6>[    7.437716] wgq[xhci_bus_suspend-1171]
<4>[    7.442816]  [<ffffffff82478569>] ? cy_kb_init+0x14/0x14
<4>[    7.448764]  [<ffffffff81571fa4>] driver_register+0x64/0xf0
<4>[    7.455003]  [<ffffffff82478569>] ? cy_kb_init+0x14/0x14
<4>[    7.460944]  [<ffffffff8171ecec>] i2c_register_driver+0x2c/0xe0
<4>[    7.467572]  [<ffffffff8247862f>] as9050_ts_init+0xc6/0xcb
<4>[    7.473723]  [<ffffffff81000332>] do_one_initcall+0xf2/0x1a0
<4>[    7.480072]  [<ffffffff810a9958>] ? parse_args+0x128/0x3e0
<4>[    7.486217]  [<ffffffff82436061>] kernel_init_freeable+0x180/0x206
<4>[    7.493138]  [<ffffffff82435842>] ? do_early_param+0x88/0x88
<4>[    7.499473]  [<ffffffff819f5660>] ? rest_init+0x90/0x90
<4>[    7.505319]  [<ffffffff819f566e>] kernel_init+0xe/0xf0
<4>[    7.511076]  [<ffffffff81a14d08>] ret_from_fork+0x58/0x90
<4>[    7.517121]  [<ffffffff819f5660>] ? rest_init+0x90/0x90
<4>[    7.522982] ---[ end trace f3263c6f4e8f9714 ]---
<7>[    7.528173] #####as9050_ts_probe begin#####
<7>[    7.528184] ___as9050_detect:start !!!
<7>[    7.529138] ___as9050_detect:end !!!
<7>[    7.529145] === as9050_set_bluetooth_current: bluetooth_current = 0 
<7>[    7.529150] set_bluetooth_current  off
<6>[    7.529614] input: as9050-ts as /devices/virtual/input/input4
<7>[    7.530601] ___as9050_request_irq:start !!!
<7>[    7.530661] ___as9050_request_irq:end !!!
<7>[    7.530685] #####as9050_ts_probe over #####
<7>[    7.531954] ___soc_button_register:start !!!
<7>[    7.532153] ___soc_button_register:end!!
<7>[    7.532159] ___soc_button_register:start !!!
<7>[    7.532332] ___soc_button_register:end!!
<7>[    7.532582] [ifly_notify_init]
<6>[    7.532819] input: ifly_notify as /devices/virtual/input/input5
<6>[    7.533701] AKM compass driver: initialize.[hampoo_voice_switch_probe]
<6>[    7.535368] rtc_cmos 00:06: rtc core: registered rtc_cmos as rtc0
<6>[    7.535431] rtc_cmos 00:06: alarms up to one month, y3k, 242 bytes nvram
<6>[    7.535678] i2c /dev entries driver
<6>[    7.539182] usbcore: registered new interface driver uvcvideo
<6>[    7.539189] USB Video Class driver (1.1.1)
<6>[    7.540472] dollar_cove_battery dollar_cove_battery: Only OCV curve from FG data is initialized
<6>[    7.588475] dollar_cove_battery dollar_cove_battery: reg:33, val:5b
<6>[    7.589949] dollar_cove_battery dollar_cove_battery: reg:c0, val:0
<6>[    7.591399] dollar_cove_battery dollar_cove_battery: reg:c1, val:0
<6>[    7.592849] dollar_cove_battery dollar_cove_battery: reg:c2, val:0
<6>[    7.594301] dollar_cove_battery dollar_cove_battery: reg:c3, val:0
<6>[    7.595750] dollar_cove_battery dollar_cove_battery: reg:c4, val:0
<6>[    7.597303] dollar_cove_battery dollar_cove_battery: reg:c5, val:0
<6>[    7.598752] dollar_cove_battery dollar_cove_battery: reg:c6, val:1
<6>[    7.600200] dollar_cove_battery dollar_cove_battery: reg:c7, val:2
<6>[    7.601649] dollar_cove_battery dollar_cove_battery: reg:c8, val:3
<6>[    7.603097] dollar_cove_battery dollar_cove_battery: reg:c9, val:5
<6>[    7.604549] dollar_cove_battery dollar_cove_battery: reg:ca, val:7
<6>[    7.605999] dollar_cove_battery dollar_cove_battery: reg:cb, val:d
<6>[    7.607448] dollar_cove_battery dollar_cove_battery: reg:cc, val:16
<6>[    7.608897] dollar_cove_battery dollar_cove_battery: reg:cd, val:22
<6>[    7.610346] dollar_cove_battery dollar_cove_battery: reg:ce, val:29
<6>[    7.611795] dollar_cove_battery dollar_cove_battery: reg:cf, val:2d
<6>[    7.613244] dollar_cove_battery dollar_cove_battery: reg:d0, val:30
<6>[    7.614798] dollar_cove_battery dollar_cove_battery: reg:d1, val:33
<6>[    7.616246] dollar_cove_battery dollar_cove_battery: reg:d2, val:36
<6>[    7.617695] dollar_cove_battery dollar_cove_battery: reg:d3, val:3b
<6>[    7.619143] dollar_cove_battery dollar_cove_battery: reg:d4, val:40
<6>[    7.620592] dollar_cove_battery dollar_cove_battery: reg:d5, val:44
<6>[    7.622042] dollar_cove_battery dollar_cove_battery: reg:d6, val:47
<6>[    7.623490] dollar_cove_battery dollar_cove_battery: reg:d7, val:4a
<6>[    7.624939] dollar_cove_battery dollar_cove_battery: reg:d8, val:4d
<6>[    7.626388] dollar_cove_battery dollar_cove_battery: reg:d9, val:51
<6>[    7.627836] dollar_cove_battery dollar_cove_battery: reg:da, val:52
<6>[    7.629291] dollar_cove_battery dollar_cove_battery: reg:db, val:54
<6>[    7.630740] dollar_cove_battery dollar_cove_battery: reg:dc, val:58
<6>[    7.632294] dollar_cove_battery dollar_cove_battery: reg:dd, val:5c
<6>[    7.633743] dollar_cove_battery dollar_cove_battery: reg:de, val:60
<6>[    7.635191] dollar_cove_battery dollar_cove_battery: reg:df, val:64
<6>[    7.636639] dollar_cove_battery dollar_cove_battery: reg:b8, val:ea
<6>[    7.638087] dollar_cove_battery dollar_cove_battery: reg:e0, val:93
<6>[    7.639536] dollar_cove_battery dollar_cove_battery: reg:e1, val:1f
<6>[    7.640985] dollar_cove_battery dollar_cove_battery: reg:ba, val:c0
<6>[    7.642434] dollar_cove_battery dollar_cove_battery: reg:bb, val:73
<4>[    7.659359] thermal thermal_zone1: failed to read out thermal zone 1
<6>[    7.684711] dollar_cove_battery dollar_cove_battery: IRQ No:472
<6>[    7.687641] usb 1-2: new high-speed USB device number 2 using xhci_hcd
<6>[    7.687665] dollar_cove_battery dollar_cove_battery: IRQ No:473
<6>[    7.690509] dollar_cove_battery dollar_cove_battery: IRQ No:474
<6>[    7.693504] dollar_cove_battery dollar_cove_battery: IRQ No:475
<6>[    7.696399] dollar_cove_battery dollar_cove_battery: IRQ No:480
<6>[    7.699280] dollar_cove_battery dollar_cove_battery: IRQ No:481
<6>[    7.716773] dollar_cove_charger dollar_cove_charger: IRQ No:460
<6>[    7.719676] dollar_cove_charger dollar_cove_charger: IRQ No:466
<6>[    7.722665] dollar_cove_charger dollar_cove_charger: IRQ No:467
<6>[    7.725541] dollar_cove_charger dollar_cove_charger: IRQ No:468
<6>[    7.728443] dollar_cove_charger dollar_cove_charger: IRQ No:469
<6>[    7.731324] dollar_cove_charger dollar_cove_charger: IRQ No:476
<6>[    7.734302] dollar_cove_charger dollar_cove_charger: IRQ No:477
<6>[    7.737181] dollar_cove_charger dollar_cove_charger: IRQ No:478
<6>[    7.740175] dollar_cove_charger dollar_cove_charger: IRQ No:479
<6>[    7.865887] usb 1-2: New USB device found, idVendor=05e3, idProduct=0610
<6>[    7.865915] usb 1-2: New USB device strings: Mfr=1, Product=2, SerialNumber=0
<6>[    7.865932] usb 1-2: Product: USB2.0 Hub
<6>[    7.865946] usb 1-2: Manufacturer: GenesysLogic
<6>[    7.867369] hub 1-2:1.0: USB hub found
<6>[    7.869323] hub 1-2:1.0: 4 ports detected
<6>[    7.955368] register_usb_notifier
<6>[    8.008140] dollar_cove_charger dollar_cove_charger: pmic_chrg_probe: otg_gpio=-1
<3>[    8.012260] intel_powerclamp: Intel powerclamp does not run on family 6 model 76
<4>[    8.024365] int3400 thermal: probe of INT3400:00 failed with error -17
<6>[    8.031741] usb 1-3: new full-speed USB device number 3 using xhci_hcd
<7>[    8.033326] ACPI Exception: AE_ERROR, Returned by Handler for [UserDefinedRegion] (20131218/evregion-297)
<7>[    8.033343] ACPI Error: Method parse/execution failed [\_SB_.STR0._TMP] (Node ffff880074c83370), AE_ERROR (20131218/psparse-536)
<4>[    8.033367] thermal thermal_zone4: failed to read out thermal zone 4
<7>[    8.041502] ACPI Exception: AE_ERROR, Returned by Handler for [UserDefinedRegion] (20131218/evregion-297)
<7>[    8.041517] ACPI Error: Method parse/execution failed [\_SB_.STR3._TMP] (Node ffff880074c83e60), AE_ERROR (20131218/psparse-536)
<4>[    8.041540] thermal thermal_zone5: failed to read out thermal zone 5
<6>[    8.049552] iTCO_wdt: Intel TCO WatchDog Timer Driver v1.11
<6>[    8.049647] iTCO_wdt: Found a Cherry Trail SoC TCO device (Version=3, TCOBASE=0x0460)
<6>[    8.050404] iTCO_wdt: initialized. heartbeat=30 sec (nowayout=0)
<6>[    8.051194] device-mapper: uevent: version 1.0.3
<6>[    8.051761] device-mapper: ioctl: 4.27.0-ioctl (2013-10-30) initialised: dm-devel@redhat.com
<6>[    8.052319] sdhci: Secure Digital Host Controller Interface driver
<6>[    8.052326] sdhci: Copyright(c) Pierre Ossman
<6>[    8.052837] mmc0: no vqmmc regulator found
<6>[    8.052845] mmc0: no vmmc regulator found
<6>[    8.053115] mmc0: SDHCI controller on ACPI [80860F14:00] using ADMA
<6>[    8.053549] mmc1: no vqmmc regulator found
<6>[    8.054246] mmc1: SDHCI controller on ACPI [INT33BB:00] using ADMA
<6>[    8.054586] mmc2: no vqmmc regulator found
<6>[    8.058794] mmc2: SDHCI controller on ACPI [INT33BB:01] using ADMA
<6>[    8.063152] dcdbas dcdbas: Dell Systems Management Base Driver (version 5.6.0-3.2)
<6>[    8.063166] EFI Variables Facility v0.08 2004-May-17
<6>[    8.085552] hidraw: raw HID events driver (C) Jiri Kosina
<6>[    8.087770] usbcore: registered new interface driver usbhid
<6>[    8.087778] usbhid: USB HID core driver
<6>[    8.088372] ashmem: initialized
<6>[    8.088625] logger: created 256K log 'log_main'
<6>[    8.088866] logger: created 256K log 'log_events'
<6>[    8.089097] logger: created 256K log 'log_radio'
<6>[    8.089342] logger: created 256K log 'log_system'
<6>[    8.090546] intel_warn_int: initialized. Interrupt=SCI GPE 0x0e
<6>[    8.134365] mmc0: new HS200 MMC card at address 0001
<6>[    8.134849] mmcblk0: mmc0:0001 032G96 29.1 GiB 
<6>[    8.135004] mmcblk0boot0: mmc0:0001 032G96 partition 1 4.00 MiB
<6>[    8.135156] mmcblk0boot1: mmc0:0001 032G96 partition 2 4.00 MiB
<6>[    8.135330] mmcblk0rpmb: mmc0:0001 032G96 partition 3 512 KiB
<6>[    8.139182]  mmcblk0: p1 p2 p3 p4 p5 p6 p7 p8 p9 p10 p11
<6>[    8.142877] console [pstore-1] enabled
<6>[    8.143397] pstore: Registered ramoops as persistent store backend
<6>[    8.143432] ramoops: attached 0x400000@0x7c000000, ecc: 0/0
<6>[    8.143492] intel_pstore_pram: registered pram device, addr=0x7c000000, size=0x400000
<6>[    8.153210]  mmcblk0boot1: unknown partition table
<6>[    8.159072]  mmcblk0boot0: unknown partition table
<6>[    8.161566] dollar_cove_pwrsrc dollar_cove_pwrsrc: dc_xpwr_pwrsrc_probe: gpio_mux_cntl=1519457524
<6>[    8.161610] dollar_cove_pwrsrc dollar_cove_pwrsrc: dc_xpwr_pwrsrc_probe: id_short=0
<7>[    8.179042] force switch to device model
<6>[    8.179083] intel-cht-otg intel-cht-otg.0: USB_EVENT_VBUS vbus valid
<6>[    8.179131] dwc3 dwc3.1.auto: DWC3 OTG Notify USB_EVENT_VBUS
<6>[    8.179198] dollar_cove_pwrsrc dollar_cove_pwrsrc: [OTG notification]evt:1 val:-1
<6>[    8.179233] process_cable_props: event:0, type:1, ma:500
<6>[    8.184039] dollar_cove_adc dollar_cove_adc: dc_xpwr adc probed
<4>[    8.186548] intel_rapl: RAPL domain uncore detection failed
<6>[    8.186564] dwc3 dwc3.1.auto: dwc3_resume_common
<4>[    8.192903] intel_rapl: RAPL domain dram detection failed
<6>[    8.200441] rmnet_async_init++
<6>[    8.200479]  rmnet_init++
<6>[    8.200542] rmnet_setup++
<6>[    8.202138] rmnet_setup++
<6>[    8.202902] rmnet_setup++
<6>[    8.203813] 3RMNET: registering line disc successful.
<6>[    8.204609] usbcore: registered new interface driver snd-usb-audio
<7>[    8.205269] rt5651_i2c_probe: i2c->addr before: 1a
<7>[    8.205303] rt5651_i2c_probe: i2c->addr after: 1a
<6>[    8.206176] usb 1-3: New USB device found, idVendor=0403, idProduct=6015
<6>[    8.206235] usb 1-3: New USB device strings: Mfr=1, Product=2, SerialNumber=3
<6>[    8.206283] usb 1-3: Product: FT230X Basic UART
<6>[    8.206333] usb 1-3: Manufacturer: FTDI
<6>[    8.206384] usb 1-3: SerialNumber: DN00IZBL
<3>[    8.206805] snd_intel_sst: sst_platform_get_resources_edk
<3>[    8.212857] snd_intel_sst: LPE base: 0x91600000 size:0x200000snd_intel_sst: IRAM base: 0x916c0000
<3>[    8.222986] snd_intel_sst: DRAM base: 0x91700000snd_intel_sst: SHIM base: 0x91740000
<3>[    8.232046] snd_intel_sst: Mailbox base: 0x91744000<6>[    8.232735] ftdi_sio 1-3:1.0: FTDI USB Serial Device converter detected
<6>[    8.233444] usb 1-3: Detected FT-X
<6>[    8.233448] usb 1-3: Number of endpoints 2
<6>[    8.233451] usb 1-3: Endpoint 1 MaxPacketSize 64
<6>[    8.233454] usb 1-3: Endpoint 2 MaxPacketSize 64
<6>[    8.233456] usb 1-3: Setting MaxPacketSize 64
<3>[    8.237906] snd_intel_sst: DDR base: 0x20000000
<6>[    8.238602] usb 1-3: FTDI USB Serial Device converter now attached to ttyUSB0
<6>[    8.243301] snd_intel_sst: Enter: sst_audio_platform_init
<6>[    8.243584] snd_intel_sst: audio:set_cht_platform_config
<6>[    8.244496] snd_soc_sst_platform: sst_platform_probe is deferred
<6>[    8.244540] platform sst-platform: Driver sst-platform requests probe deferral
<3>[    8.244588] snd_intel_sst: board_name:Cherry Trail CR
<6>[    8.252084] snd_intel_sst: Registering machine device cht_rt5651
<3>[    8.252715] snd_intel_sst: Requesting FW fw_sst_22a8.bin now...
<4>[    8.259430] intel_sst_acpi 808622A8:00: Direct firmware load failed with error -2
<4>[    8.267843] intel_sst_acpi 808622A8:00: Falling back to user helper
<6>[    8.269465] Netfilter messages via NETLINK v0.30.
<6>[    8.269499] nf_conntrack version 0.5.0 (16384 buckets, 65536 max)
<6>[    8.269863] ctnetlink v0.93: registering with nfnetlink.
<6>[    8.275325] ip_tables: (C) 2000-2006 Netfilter Core Team
<6>[    8.275478] TCP: cubic registered
<6>[    8.275674] Initializing XFRM netlink socket
<6>[    8.277362] NET: Registered protocol family 10
<6>[    8.279083] ip6_tables: (C) 2000-2006 Netfilter Core Team
<6>[    8.280408] sit: IPv6 over IPv4 tunneling driver
<6>[    8.281297] NET: Registered protocol family 17
<6>[    8.281349] NET: Registered protocol family 15
<6>[    8.281407] l2tp_core: L2TP core driver, V2.0
<6>[    8.281446] l2tp_ppp: PPPoL2TP kernel driver, V2.0
<5>[    8.281516] Key type dns_resolver registered
<5>[    8.283953] Loading compiled-in X.509 certificates
<5>[    8.286582] Loaded X.509 cert 'Magrathea: Glacier signing key: 88d3566b5a783b51384575d37f4c257c098950b0'
<6>[    8.286647] registered taskstats version 1
<6>[    8.288588] LDO_2: disabling
<6>[    8.315439] usb 1-2.2: new high-speed USB device number 4 using xhci_hcd
<6>[    8.400357] usb 1-2.2: New USB device found, idVendor=1a40, idProduct=0101
<6>[    8.400396] usb 1-2.2: New USB device strings: Mfr=0, Product=1, SerialNumber=0
<6>[    8.400445] usb 1-2.2: Product: USB 2.0 Hub
<6>[    8.404758] hub 1-2.2:1.0: USB hub found
<6>[    8.405193] hub 1-2.2:1.0: 4 ports detected
<6>[    8.410354] regulator-dummy: disabling
<6>[    8.411494] snd_soc_sst_platform: sst_platform_probe is deferred
<6>[    8.411544] platform sst-platform: Driver sst-platform requests probe deferral
<6>[    8.411605]   Magic number: 0:754:401
<3>[    8.412380] [lfy][tas5711]tas5711_init() 
<7>[    8.417528] [lfy][tas5711] tas5711_probe
<6>[    8.472857] usb 1-2.4: new full-speed USB device number 5 using xhci_hcd
<4>[    8.474923] mmc1: queuing unknown CIS tuple 0x80 (2 bytes)
<4>[    8.482888] mmc1: queuing unknown CIS tuple 0x80 (3 bytes)
<4>[    8.490966] mmc1: queuing unknown CIS tuple 0x80 (3 bytes)
<4>[    8.500258] mmc1: queuing unknown CIS tuple 0x80 (7 bytes)
<6>[    8.557396] usb 1-2.4: New USB device found, idVendor=248a, idProduct=8367
<6>[    8.557450] usb 1-2.4: New USB device strings: Mfr=1, Product=2, SerialNumber=0
<6>[    8.557488] usb 1-2.4: Product: Wireless Receiver
<6>[    8.557536] usb 1-2.4: Manufacturer: Telink
<4>[    8.558036] usb 1-2.4: ep 0x81 - rounding interval to 64 microframes, ep desc says 80 microframes
<6>[    8.574067] input: Telink Wireless Receiver as /devices/pci0000:00/0000:00:14.0/usb1/1-2/1-2.4/1-2.4:1.0/0003:248A:8367.0001/input/input6
<6>[    8.574814] hid-generic 0003:248A:8367.0001: input,hidraw0: USB HID v1.11 Mouse [Telink Wireless Receiver] on usb-0000:00:14.0-2.4/input0
<6>[    8.574959] snd_soc_sst_platform: sst_platform_probe is deferred
<6>[    8.575018] platform sst-platform: Driver sst-platform requests probe deferral
<6>[    8.577857] input: Telink Wireless Receiver as /devices/pci0000:00/0000:00:14.0/usb1/1-2/1-2.4/1-2.4:1.1/0003:248A:8367.0002/input/input7
<6>[    8.578394] hid-generic 0003:248A:8367.0002: input,hidraw1: USB HID v1.11 Keyboard [Telink Wireless Receiver] on usb-0000:00:14.0-2.4/input1
<6>[    8.578525] snd_soc_sst_platform: sst_platform_probe is deferred
<6>[    8.578571] platform sst-platform: Driver sst-platform requests probe deferral
<6>[    8.578651] snd_soc_sst_platform: sst_platform_probe is deferred
<6>[    8.578690] platform sst-platform: Driver sst-platform requests probe deferral
<4>[    8.628680] mmc1: queuing unknown CIS tuple 0x91 (3 bytes)
<6>[    8.635174] mmc1: new ultra high speed SDR104 SDIO card at address 0001
<6>[    8.681028] usb 1-2.2.3: new low-speed USB device number 6 using xhci_hcd
<6>[    8.783583] usb 1-2.2.3: New USB device found, idVendor=0461, idProduct=4dfb
<6>[    8.783623] usb 1-2.2.3: New USB device strings: Mfr=0, Product=2, SerialNumber=0
<6>[    8.783673] usb 1-2.2.3: Product: USB Optical Mouse
<4>[    8.785387] usb 1-2.2.3: ep 0x81 - rounding interval to 64 microframes, ep desc says 80 microframes
<6>[    8.801154] input: USB Optical Mouse as /devices/pci0000:00/0000:00:14.0/usb1/1-2/1-2.2/1-2.2.3/1-2.2.3:1.0/0003:0461:4DFB.0003/input/input8
<6>[    8.802330] hid-generic 0003:0461:4DFB.0003: input,hidraw2: USB HID v1.11 Mouse [USB Optical Mouse] on usb-0000:00:14.0-2.2.3/input0
<6>[    8.802456] snd_soc_sst_platform: sst_platform_probe is deferred
<6>[    8.802499] platform sst-platform: Driver sst-platform requests probe deferral
<6>[    8.802607] snd_soc_sst_platform: sst_platform_probe is deferred
<6>[    8.802646] platform sst-platform: Driver sst-platform requests probe deferral
<6>[    8.802815] snd_soc_sst_platform: sst_platform_probe is deferred
<6>[    8.802853] platform sst-platform: Driver sst-platform requests probe deferral
<7>[   11.022860] [lfy][tas5711]reg = 1b, tas5711_register_size  = 1
<7>[   11.023713] [lfy][tas5711]Start reginit 
<7>[   11.125318] [lfy][tas5711]reg = 6, tas5711_register_size  = 1
<7>[   11.126346] [lfy][tas5711]reg = 7, tas5711_register_size  = 1
<7>[   11.127306] [lfy][tas5711]reg = 8, tas5711_register_size  = 1
<7>[   11.128030] [lfy][tas5711]reg = 9, tas5711_register_size  = 1
<7>[   11.128973] [lfy][tas5711]reg = a, tas5711_register_size  = 1
<7>[   11.129926] [lfy][tas5711]reg = e, tas5711_register_size  = 1
<7>[   11.130642] [lfy][tas5711]reg = 10, tas5711_register_size  = 1
<7>[   11.131576] [lfy][tas5711]reg = 11, tas5711_register_size  = 1
<7>[   11.132385] [lfy][tas5711]reg = 12, tas5711_register_size  = 1
<7>[   11.133076] [lfy][tas5711]reg = 13, tas5711_register_size  = 1
<7>[   11.133858] [lfy][tas5711]reg = 14, tas5711_register_size  = 1
<7>[   11.134813] [lfy][tas5711]reg = 19, tas5711_register_size  = 1
<7>[   11.135764] [lfy][tas5711]reg = 1c, tas5711_register_size  = 1
<7>[   11.292133] [lfy][tas5711]EXIT sd 
<7>[   11.292193] [lfy][tas5711]reg = 5, tas5711_register_size  = 1
<7>[   11.694137] [lfy][tas5711]probe  is over 
<6>[   11.694492] snd_soc_sst_platform: sst_platform_probe is deferred
<6>[   11.694560] platform sst-platform: Driver sst-platform requests probe deferral
<6>[   11.694647] console [netcon0] enabled
<6>[   11.694680] netconsole: network logging started
<6>[   11.695541] file system registered
<6>[   11.698910] Number of LUNs=8
<6>[   11.698953] Mass Storage Function, version: 2009/09/11
<6>[   11.698999] LUN: removable file: (no medium)
<6>[   11.699744] android_usb gadget: android_usb ready
<6>[   11.704998] intel-cht-otg intel-cht-otg.0: watchdog started
<6>[   11.705844] input: gpio-keys as /devices/platform/gpio-keys.2.auto/input/input9
<6>[   11.706660] snd_soc_sst_platform: sst_platform_probe is deferred
<6>[   11.706723] platform sst-platform: Driver sst-platform requests probe deferral
<6>[   11.706771] input: gpio-keys as /devices/platform/gpio-keys.3.auto/input/input10
<6>[   11.707192] snd_soc_sst_platform: sst_platform_probe is deferred
<6>[   11.707233] platform sst-platform: Driver sst-platform requests probe deferral
<6>[   11.709336] intel_mid_vibra: intel_mid_plat_vibra_probe: vibra probe success
<6>[   11.709545] snd_soc_sst_platform: sst_platform_probe is deferred
<6>[   11.709587] platform sst-platform: Driver sst-platform requests probe deferral
<7>[   11.709963] enter hampoo_hdmi_switch_probe
<6>[   11.710222] snd_soc_sst_platform: sst_platform_probe is deferred
<6>[   11.710265] platform sst-platform: Driver sst-platform requests probe deferral
<6>[   11.710818] rtc_cmos 00:06: setting system clock to 2016-09-21 22:23:17 UTC (1474496597)
<6>[   11.712447] Boot boost enabled
<7>[   11.712533] ___sn3236_init: ___line = 1004 ___
<7>[   11.713171] __hupei___sn3236_probe: ___line = 820 ___
<7>[   11.713207] ___sn3236_probe: enable_gpio_flag = 0 ___
<7>[   11.713257] ___sn32xx_enable: start 
<7>[   11.717391] ___sn32xx_enable: end 
<7>[   11.738573] ___ sn32xx_detect_device: ___ line = 83 ___, addr = 0x0, val = 1,
<7>[   11.739453] ___ sn32xx_detect_device: ___ line = 90 ___, sn32xx_write success !!! 
<7>[   11.742651] ___ sn32xx_init_device: ___ line = 738 ___
<6>[   11.742692] sn3236_3F 2-003f: sn3236_3F programmable led chip found
<7>[   11.742738] ___sn3236_3f_init_ctrl: start 
<7>[   11.763461] ___sn3236_3f_init_ctrl: end 
<7>[   11.763514] ___ sn32xx_register_leds:num_channels = 0 ___
<7>[   11.763550] ___ sn32xx_register_leds: ___ line = 798 ___
<7>[   11.763599] ___sn3236_3f_init_ctrl: start 
<7>[   11.780674] ___sn3236_3f_init_ctrl: end 
<7>[   11.780710] ___sn3236_probe: ___line = 901 ___
<6>[   11.780867] snd_soc_sst_platform: sst_platform_probe is deferred
<6>[   11.780907] platform sst-platform: Driver sst-platform requests probe deferral
<7>[   11.781182] ___sn3236_init: ___line = 1601 ___
<7>[   11.781479] __hupei___sn3236_probe: ___line = 1223 ___
<7>[   11.781536] ___sn3236_probe: enable_gpio_flag = 0 ___
<7>[   11.781566] ___sn32xx_enable: start 
<3>[   11.781622] sn3236_3C 2-003c: could not acquire enable gpio (err=-16)
<7>[   11.793927] ___sn32xx_enable: end 
<7>[   11.814006] ___ sn32xx_detect_device: ___ line = 83 ___, addr = 0x0, val = 1,
<7>[   11.814799] ___ sn32xx_detect_device: ___ line = 90 ___, sn32xx_write success !!! 
<7>[   11.817588] ___ sn32xx_init_device: ___ line = 738 ___
<6>[   11.817629] sn3236_3C 2-003c: sn3236_3C programmable led chip found
<7>[   11.817675] ___ sn32xx_register_leds:num_channels = 16 ___
<7>[   11.817725] ___ sn32xx_init_led: ___ line = 428 ___
<7>[   11.818029] ___ sn32xx_init_led: ___ line = 508 ___
<7>[   11.818060] ___ sn32xx_init_led: ___ line = 428 ___
<7>[   11.818335] ___ sn32xx_init_led: ___ line = 508 ___
<7>[   11.818366] ___ sn32xx_init_led: ___ line = 428 ___
<7>[   11.818767] ___ sn32xx_init_led: ___ line = 508 ___
<7>[   11.818798] ___ sn32xx_init_led: ___ line = 428 ___
<7>[   11.819236] ___ sn32xx_init_led: ___ line = 508 ___
<7>[   11.819266] ___ sn32xx_init_led: ___ line = 428 ___
<7>[   11.819543] ___ sn32xx_init_led: ___ line = 508 ___
<7>[   11.819573] ___ sn32xx_init_led: ___ line = 428 ___
<7>[   11.819848] ___ sn32xx_init_led: ___ line = 508 ___
<7>[   11.819879] ___ sn32xx_init_led: ___ line = 428 ___
<7>[   11.820295] ___ sn32xx_init_led: ___ line = 508 ___
<7>[   11.820327] ___ sn32xx_init_led: ___ line = 428 ___
<7>[   11.820711] ___ sn32xx_init_led: ___ line = 508 ___
<7>[   11.820743] ___ sn32xx_init_led: ___ line = 428 ___
<7>[   11.821026] ___ sn32xx_init_led: ___ line = 508 ___
<7>[   11.821056] ___ sn32xx_init_led: ___ line = 428 ___
<7>[   11.821298] ___ sn32xx_init_led: ___ line = 508 ___
<7>[   11.821328] ___ sn32xx_init_led: ___ line = 428 ___
<7>[   11.821536] ___ sn32xx_init_led: ___ line = 508 ___
<7>[   11.821565] ___ sn32xx_init_led: ___ line = 428 ___
<7>[   11.822036] ___ sn32xx_init_led: ___ line = 508 ___
<7>[   11.822067] ___ sn32xx_init_led: ___ line = 428 ___
<7>[   11.822311] ___ sn32xx_init_led: ___ line = 508 ___
<7>[   11.822341] ___ sn32xx_init_led: ___ line = 428 ___
<7>[   11.822525] ___ sn32xx_init_led: ___ line = 508 ___
<7>[   11.822555] ___ sn32xx_init_led: ___ line = 428 ___
<7>[   11.822853] ___ sn32xx_init_led: ___ line = 508 ___
<7>[   11.822885] ___ sn32xx_init_led: ___ line = 428 ___
<7>[   11.823099] ___ sn32xx_init_led: ___ line = 508 ___
<7>[   11.823128] ___ sn32xx_register_leds: ___ line = 798 ___
<7>[   11.823179] ___sn3236_3c_init_ctrl: start 
<7>[   11.840190] ___sn3236_3c_init_ctrl: end 
<7>[   13.153917] ___sn3236_probe: ___line = 1302 ___
<6>[   13.154079] snd_soc_sst_platform: sst_platform_probe is deferred
<6>[   13.154118] platform sst-platform: Driver sst-platform requests probe deferral
<6>[   13.154226] BIOS EDD facility v0.16 2004-Jun-25, 0 devices found
<6>[   13.154266] EDD information not available.
<3>[   13.155719] had: Vidya: Enter alsa_card_intelhad_init
<6>[   13.161405] had: ******** HAD DRIVER loading.. Ver: 0.01.003
<6>[   13.163095] [drm] mid_hdmi_audio_register: Scheduling HDMI audio work queue
<6>[   13.163279] snd_soc_sst_platform: sst_platform_probe is deferred
<6>[   13.163318] platform sst-platform: Driver sst-platform requests probe deferral
<7>[   13.163455] snd_byt_mc_probe: Enter.
<6>[   13.165964] set_mc_link: 10EC5651-codec found! Registering machine-device byt_rt5651.
<6>[   13.166208] Board is a default byt_rt5651.
<3>[   13.166278] cht_rt5651 cht_rt5651: ASoC: CPU DAI Headset-cpu-dai not registered
<3>[   13.174506] snd_soc_register_card failed -517
<6>[   13.183501] platform cht_rt5651: Driver cht_rt5651 requests probe deferral
<6>[   13.183873] snd_byt_driver_init: BYT-CR-RT5651 Machine driver registered.
<6>[   13.183922] ALSA device list:
<6>[   13.183956]   #0: 
<6>[   13.186906] Freeing unused kernel memory: 1368K (ffffffff82422000 - ffffffff82578000)
<6>[   13.186944] Write protecting the kernel read-only data: 18432k
<6>[   13.202921] Freeing unused kernel memory: 1936K (ffff880001a1c000 - ffff880001c00000)
<6>[   13.210011] Freeing unused kernel memory: 1224K (ffff8800020ce000 - ffff880002200000)
<7>[   13.224476] SELinux: 2048 avtab hash slots, 6158 rules.
<7>[   13.226015] SELinux: 2048 avtab hash slots, 6158 rules.
<7>[   13.226056] SELinux:  1 users, 2 roles, 485 types, 0 bools, 1 sens, 1024 cats
<7>[   13.226199] SELinux:  86 classes, 6158 rules
<7>[   13.226866] SELinux:  Completing initialization.
<7>[   13.226896] SELinux:  Setting up existing superblocks.
<7>[   13.226954] SELinux: initialized (dev tmpfs, type tmpfs), uses transition SIDs
<7>[   13.227017] SELinux: initialized (dev rootfs, type rootfs), uses genfs_contexts
<7>[   13.227120] SELinux: initialized (dev bdev, type bdev), not configured for labeling
<7>[   13.227153] SELinux: initialized (dev proc, type proc), uses genfs_contexts
<7>[   13.227213] SELinux: initialized (dev devtmpfs, type devtmpfs), uses transition SIDs
<7>[   13.227480] SELinux: initialized (dev debugfs, type debugfs), uses genfs_contexts
<7>[   13.233371] SELinux: initialized (dev sockfs, type sockfs), uses task SIDs
<7>[   13.233412] SELinux: initialized (dev pipefs, type pipefs), uses task SIDs
<7>[   13.233461] SELinux: initialized (dev anon_inodefs, type anon_inodefs), not configured for labeling
<7>[   13.233511] SELinux: initialized (dev aio, type aio), not configured for labeling
<7>[   13.233563] SELinux: initialized (dev devpts, type devpts), uses transition SIDs
<7>[   13.233621] SELinux: initialized (dev mqueue, type mqueue), uses transition SIDs
<7>[   13.233669] SELinux: initialized (dev selinuxfs, type selinuxfs), uses genfs_contexts
<7>[   13.233756] SELinux: initialized (dev drm, type drm), not configured for labeling
<7>[   13.233788] SELinux: initialized (dev configfs, type configfs), not configured for labeling
<7>[   13.233839] SELinux: initialized (dev tmpfs, type tmpfs), uses transition SIDs
<7>[   13.233903] SELinux: initialized (dev sysfs, type sysfs), uses genfs_contexts
<5>[   13.241754] audit: type=1403 audit(1474496599.031:2): policy loaded auid=4294967295 ses=4294967295
<11>[   13.567732] init: /init.rc: 31: invalid option 'start'
<11>[   13.573877] init: /init.aosp.rc: 558: ignored duplicate definition of service 'media'
<11>[   13.582702] init: /init.aosp.rc: 589: ignored duplicate definition of service 'flash_recovery'
<11>[   13.592410] init: /init.aosp.rc: 635: ignored duplicate definition of service 'copy_apk'
<11>[   13.602627] init: /init.modem.allinone.rc: 147: ignored duplicate definition of service 'ril-daemon'
<7>[   13.613691] SELinux: initialized (dev binfmt_misc, type binfmt_misc), uses genfs_contexts
<11>[   15.366190] init: /dev/hw_random not found
<6>[   15.370942] keychord: using input dev Power Button for fevent
<6>[   15.370976] keychord: using input dev Power Button for fevent
<6>[   15.371034] keychord: using input dev bt_event for fevent
<6>[   15.371077] keychord: using input dev as9050-ts for fevent
<6>[   15.371128] keychord: using input dev ifly_notify for fevent
<6>[   15.371196] keychord: using input dev Telink Wireless Receiver for fevent
<6>[   15.371231] keychord: using input dev Telink Wireless Receiver for fevent
<6>[   15.371304] keychord: using input dev gpio-keys for fevent
<7>[   15.371830] SELinux: initialized (dev cgroup, type cgroup), uses genfs_contexts
<7>[   15.372031] SELinux: initialized (dev tmpfs, type tmpfs), uses transition SIDs
<7>[   15.372299] SELinux: initialized (dev cgroup, type cgroup), uses genfs_contexts
<7>[   15.373614] SELinux: initialized (dev tmpfs, type tmpfs), uses transition SIDs
<7>[   15.373766] SELinux: initialized (dev tmpfs, type tmpfs), uses transition SIDs
<7>[   15.374815] SELinux: initialized (dev cgroup, type cgroup), uses genfs_contexts
<7>[   15.375641] SELinux: initialized (dev pstore, type pstore), uses genfs_contexts
<11>[   15.377192] init: /dev/hw_random not found
<6>[   15.400658] bio: create slab <bio-1> at 1
<6>[   15.411033] EXT4-fs (dm-0): mounted filesystem with ordered data mode. Opts: (null)
<7>[   15.411080] SELinux: initialized (dev dm-0, type ext4), uses xattr
<14>[   15.411178] fs_mgr: __mount(source=/dev/block/dm-0,target=/system,type=ext4)=0
<4>[   15.411699] EXT4-fs (mmcblk0p8): Ignoring removed nomblk_io_submit option
<6>[   15.424874] EXT4-fs (mmcblk0p8): mounted filesystem with ordered data mode. Opts: nomblk_io_submit,errors=remount-ro
<7>[   15.424920] SELinux: initialized (dev mmcblk0p8, type ext4), uses xattr
<14>[   15.425001] fs_mgr: check_fs(): mount(/dev/block/by-name/android_cache,/cache,ext4)=0
<14>[   15.436068] fs_mgr: Running /system/bin/e2fsck on /dev/block/by-name/android_cache
<14>[   15.520143] e2fsck: e2fsck 1.42.9 (28-Dec-2013)
<14>[   15.520211] e2fsck: /dev/block/by-name/android_cache: clean, 15/16384 files, 2094/65536 blocks
<6>[   15.524321] EXT4-fs (mmcblk0p8): mounted filesystem with ordered data mode. Opts: errors=panic
<7>[   15.524370] SELinux: initialized (dev mmcblk0p8, type ext4), uses xattr
<14>[   15.524460] fs_mgr: __mount(source=/dev/block/by-name/android_cache,target=/cache,type=ext4)=0
<4>[   15.525016] EXT4-fs (mmcblk0p9): Ignoring removed nomblk_io_submit option
<6>[   15.538661] EXT4-fs (mmcblk0p9): mounted filesystem with ordered data mode. Opts: nomblk_io_submit,errors=remount-ro
<7>[   15.538709] SELinux: initialized (dev mmcblk0p9, type ext4), uses xattr
<14>[   15.538817] fs_mgr: check_fs(): mount(/dev/block/by-name/android_data,/data,ext4)=0
<14>[   15.550409] fs_mgr: Running /system/bin/e2fsck on /dev/block/by-name/android_data
<14>[   15.587374] e2fsck: e2fsck 1.42.9 (28-Dec-2013)
<14>[   15.587528] e2fsck: /dev/block/by-name/android_data: clean, 815/1712128 files, 197180/6839296 blocks
<6>[   15.591686] EXT4-fs (mmcblk0p9): mounted filesystem with ordered data mode. Opts: discard,noauto_da_alloc,errors=panic
<7>[   15.591734] SELinux: initialized (dev mmcblk0p9, type ext4), uses xattr
<14>[   15.591833] fs_mgr: __mount(source=/dev/block/by-name/android_data,target=/data,type=ext4)=0
<4>[   15.593281] EXT4-fs (mmcblk0p11): Ignoring removed nomblk_io_submit option
<6>[   15.604632] EXT4-fs (mmcblk0p11): mounted filesystem with ordered data mode. Opts: nomblk_io_submit,errors=remount-ro
<7>[   15.604674] SELinux: initialized (dev mmcblk0p11, type ext4), uses xattr
<14>[   15.604794] fs_mgr: check_fs(): mount(/dev/block/by-name/android_config,/config,ext4)=0
<14>[   15.622946] fs_mgr: Running /system/bin/e2fsck on /dev/block/by-name/android_config
<14>[   15.630061] e2fsck: e2fsck 1.42.9 (28-Dec-2013)
<14>[   15.630233] e2fsck: /dev/block/by-name/android_config: clean, 13/512 files, 1073/2048 blocks
<6>[   15.633659] EXT4-fs (mmcblk0p11): mounted filesystem with ordered data mode. Opts: errors=panic
<7>[   15.633703] SELinux: initialized (dev mmcblk0p11, type ext4), uses xattr
<14>[   15.633803] fs_mgr: __mount(source=/dev/block/by-name/android_config,target=/config,type=ext4)=0
<7>[   15.634675] SELinux: initialized (dev functionfs, type functionfs), uses genfs_contexts
<11>[   15.638549] init: cannot find '/system/bin/bd_prov', disabling 'bd_prov'
<7>[   15.647004] SELinux: initialized (dev cgroup, type cgroup), uses genfs_contexts
<6>[   15.726890] Adding 102396k swap on /dev/block/zram0.  Priority:-1 extents:1 across:102396k SS
<5>[   15.760440] random: nonblocking pool is initialized
<6>[   15.762968] binder: 2546:2546 transaction failed 29189, size 0-0
<11>[   15.763310] init: cannot find '/system/bin/mmgr', disabling 'mmgr'
<5>[   15.763338] iTCO_wdt: iTCO_wdt_ping
<5>[   15.763344] iTCO_wdt: iTCO_wdt_ping
<38>[   15.838815] logd.auditd: start
<3>[   20.044870] bt_lpm OBDA8723:00: Error evaluating UART port number
<7>[   20.053310] snd_byt_mc_probe: Enter.
<6>[   20.053348] Board is a default byt_rt5651.
<3>[   20.072859] sst-platform sst-platform: ASoC: no sink widget found for Audio Capture
<3>[   20.082385] sst-platform sst-platform: ASoC: Failed to add route media3_out -> direct -> Audio Capture
<6>[   20.093942] cfg80211: Calling CRDA to update world regulatory domain
<7>[   20.118452] dhd_module_init: in
<7>[   20.118494] found wifi acpi device RTL8723
<4>[   20.118610] ------------[ cut here ]------------
<4>[   20.123833] WARNING: CPU: 1 PID: 1 at ../../../../../../../kernel/cht/drivers/base/dd.c:286 driver_probe_device+0x2a4/0x3e0()
<4>[   20.137520] Modules linked in: bcmdhd(O+) cfg80211 bt_lpm 6lowpan_iphc ip6table_raw iptable_raw rfkill_gpio unicam_driver
<4>[   20.151021] CPU: 0 PID: 1 Comm: init Tainted: G        W  O 3.14.37-x86_64-L1-R517 #1
<4>[   20.159817] Hardware name: Hampoo M1A6_HOME/Cherry Trail CR, BIOS 5.11 02/28/2017
<7>[   20.168230]  0000000000000009 ffff880074cb9bb8 ffffffff819fea3a 0000000000000000
<7>[   20.168463]  ffff880074cb9bf0 ffffffff81088a1d ffff880079d72810 ffffffffa016d7a8
<7>[   20.168719]  ffffffffa016d7a8 0000000000000014 0000000000000001 ffff880074cb9c00
<7>[   20.168981] Call Trace:
<4>[   20.169043]  [<ffffffff819fea3a>] dump_stack+0x4e/0x7a
<4>[   20.174991]  [<ffffffff81088a1d>] warn_slowpath_common+0x7d/0xa0
<4>[   20.181749]  [<ffffffff81088afa>] warn_slowpath_null+0x1a/0x20
<4>[   20.188539]  [<ffffffff81571544>] driver_probe_device+0x2a4/0x3e0
<4>[   20.195387]  [<ffffffff81571753>] __driver_attach+0x93/0xa0
<4>[   20.202047]  [<ffffffff815716c0>] ? __device_attach+0x40/0x40
<4>[   20.208516]  [<ffffffff8156f313>] bus_for_each_dev+0x63/0xa0
<4>[   20.215219]  [<ffffffff81570d7e>] driver_attach+0x1e/0x20
<4>[   20.221294]  [<ffffffff81570960>] bus_add_driver+0x180/0x250
<4>[   20.227906]  [<ffffffff81571fa4>] driver_register+0x64/0xf0
<4>[   20.234179]  [<ffffffff8157340a>] __platform_driver_register+0x4a/0x50
<4>[   20.241722]  [<ffffffffa00f10e3>] dhd_wifi_platform_register_drv+0x123/0x250 [bcmdhd]
<4>[   20.250519]  [<ffffffffa018d000>] ? 0xffffffffa018cfff
<4>[   20.256504]  [<ffffffffa018d076>] dhd_module_init+0x76/0x1000 [bcmdhd]
<4>[   20.263840]  [<ffffffffa018d000>] ? 0xffffffffa018cfff
<4>[   20.269811]  [<ffffffff81000332>] do_one_initcall+0xf2/0x1a0
<4>[   20.276180]  [<ffffffff8103e663>] ? set_memory_nx+0x43/0x50
<4>[   20.282637]  [<ffffffff810fbdef>] load_module+0x1b8f/0x24f0
<4>[   20.288909]  [<ffffffff810f79c0>] ? store_uevent+0x40/0x40
<4>[   20.295411]  [<ffffffff810fc811>] SyS_init_module+0xc1/0x110
<4>[   20.301778]  [<ffffffff81a16bb9>] ia32_do_call+0x13/0x13
<4>[   20.308003] ---[ end trace f3263c6f4e8f9716 ]---
<4>[   20.312497] snd-soc-dummy snd-soc-dummy: ASoC: Failed to create platform debugfs directory
<6>[   20.312931] byt_init: GPIOs - JD-int2: 307 (pol = 0, val = 0)
<4>[   20.313667] byt_hs_jack_check: Remove-interrupt while no accessory present!
<6>[   20.313676] cht_rt5651 cht_rt5651: snd-soc-dummy-dai <-> Headset-cpu-dai mapping ok
<6>[   20.313749] cht_rt5651 cht_rt5651: snd-soc-dummy-dai <-> Deepbuffer-cpu-dai mapping ok
<6>[   20.313799] compress asoc: snd-soc-dummy-dai <-> Compress-cpu-dai mapping ok
<6>[   20.313904] cht_rt5651 cht_rt5651: snd-soc-dummy-dai <-> Voip-cpu-dai mapping ok
<6>[   20.313996] cht_rt5651 cht_rt5651: snd-soc-dummy-dai <-> Lowlatency-cpu-dai mapping ok
<6>[   20.314284] cht_rt5651 cht_rt5651: snd-soc-dummy-dai <-> Probe-cpu-dai mapping ok
<6>[   20.314388] cht_rt5651 cht_rt5651: rt5651-aif1 <-> ssp2-port mapping ok
<6>[   20.314426] cht_rt5651 cht_rt5651: snd-soc-dummy-dai <-> snd-soc-dummy-dai mapping ok
<7>[   20.330782] ======== bcm_wlan_set_plat_data ========
<7>[   20.330818] found wifi acpi device RTL8723
<7>[   20.330967] bcm_wlan_get_oob_irq: Using ACPI table to get GPIO number: 324
<7>[   20.331064] bcm_wlan_get_oob_irq: Using ACPI table to get irq number: 147
<7>[   20.331094] host_oob_irq: 147
<7>[   20.331145] host_oob_irq_flags=0x4
<7>[   20.331196] dhd_wifi_platform_load: Enter
<7>[   20.331259] Power-up adapter 'DHD generic adapter'
<6>[   20.382794] input: cherrytrailaud BYT-CR Audio Jack as /devices/platform/cht_rt5651/sound/card1/input11
<7>[   20.385546] snd_byt_mc_probe: Exit.
<4>[   20.647809] mmc1: queuing unknown CIS tuple 0x80 (2 bytes)
<4>[   20.655669] mmc1: queuing unknown CIS tuple 0x80 (3 bytes)
<4>[   20.663699] mmc1: queuing unknown CIS tuple 0x80 (3 bytes)
<4>[   20.673156] mmc1: queuing unknown CIS tuple 0x80 (7 bytes)
<7>[   20.780198] wifi_platform_set_power = 1
<7>[   20.780237] found wifi acpi device RTL8723
<7>[   20.780285] ======== PULL WL_REG_ON HIGH! ========
<7>[   20.981298] wifi_platform_bus_enumerate device present 1
<7>[   20.981352] ======== Card detection to detect SDIO card! ========
<7>[   20.999150] bcmsdh_register: register client driver
<7>[   21.001701] bcmsdh_sdmmc: bcmsdh_sdmmc_probe Enter
<7>[   21.004977] bcmsdh_sdmmc: bcmsdh_sdmmc_probe Enter
<7>[   21.005009] bus num (host idx)=1, slot num (rca)=1
<7>[   21.005060] found adapter info 'DHD generic adapter'
<7>[   21.007928] sdioh_attach: set sd_f2_blocksize 128
<7>[   21.017141] dhdsdio_probe : no mutex held. set lock
<7>[   21.017328] F1 signature read @0x18000000=0x15264345
<7>[   21.039876] F1 signature OK, socitype:0x1 chip:0x4345 rev:0x6 pkg:0x2
<7>[   21.041130] DHD: dongle ram size is set to 819200(orig 819200) at 0x198000
<7>[   21.041273] dhd_conf_set_chiprev: chip=0x4345, chiprev=6
<7>[   21.041338] dhd_conf_set_conf_path_by_nv_path: config_path=/system/etc/firmware/config.txt
<7>[   21.041392] dhd_conf_read_config: Ignore config file /system/etc/firmware/config.txt
<7>[   21.042928] wl_create_event_handler(): thread:wl_event_handler:a8c started
<7>[   21.042946] tsk Enter, tsk = 0xffff880071c01a58
<7>[   21.043483] dhd_attach(): thread:dhd_watchdog_thread:a8e started
<7>[   21.043614] dhd_attach(): thread:dhd_dpc:a8f started
<7>[   21.043640] dhd_dpc_thread: set dpc_cpucore 0 from config.txt
<7>[   21.043769] dhd_attach(): thread:dhd_rxf:a90 started
<7>[   21.043806] dhd_deferred_work_init: work queue initialized 
<7>[   21.082229] Dongle Host Driver, version 1.201.59.6 (r506368)
<7>[   21.082229] Compiled in ../../hardware/broadcom/wlan/bcmdhd/bcm43xx on Mar  7 2017 at 16:01:12
<7>[   21.084959] Register interface [wlan0]  MAC: 44:2c:05:4b:9e:85
<7>[   21.084959] 
<7>[   21.084997] dhd_prot_ioctl : bus is down. we have nothing to do
<7>[   21.085106] bcmsdh_oob_intr_unregister: Enter
<7>[   21.085138] bcmsdh_oob_intr_unregister: irq is not registered
<7>[   21.085193] dhd_txglom_enable: enable 0
<7>[   21.085241] dhd_conf_set_txglom_params: swtxglom=0, txglom_ext=0
<7>[   21.085291] dhd_conf_set_txglom_params: txglom_bucket_size=0
<7>[   21.085343] dhd_conf_set_txglom_params: txglomsize=0, deferred_tx_len=0, bus_txglom=0
<7>[   21.085394] dhd_conf_set_txglom_params: tx_in_rx=1, tx_max_offset=0
<7>[   21.085445] dhd_bus_devreset:  WLAN OFF DONE
<7>[   21.085578] wifi_platform_set_power = 0
<7>[   21.085614] found wifi acpi device RTL8723
<7>[   21.085662] ======== PULL WL_REG_ON LOW! ========
<7>[   21.087888] dhdsdio_probe : the lock is released.
<7>[   21.088420] dhd_module_init: Exit err=0
<3>[   21.100449] android_usb: already disabled
<6>[   21.105179] android_usb: selecting functions: adb
<6>[   21.105315] android_usb: enabling function ffs
<6>[   21.105345] android_usb: wait ffs to be ready
<7>[   21.123906] initing vmmctrl module 
<3>[   21.136873] [hid-ish]: ish_init():+++ [Build 0195-fix-recv-hid-hw-reset]
<11>[   21.172825] init: cannot find '/system/bin/debuggerd64', disabling 'debuggerd64'
<11>[   21.184035] init: cannot find '/system/bin/gpscerd', disabling 'gpscerd'
<3>[   21.244922] android_usb: already disabled
<6>[   21.250792] android_usb: selecting functions: mtp,adb
<6>[   21.250870] android_usb: enabling function mtp
<6>[   21.250901] android_usb: enabling function ffs
<6>[   21.250952] android_usb: wait ffs to be ready
<6>[   21.252857] read descriptors
<6>[   21.252902] read strings
<6>[   21.252967] mtp_bind_config
<38>[   21.273390] type=1400 audit(1474496607.060:3): avc: denied { read } for pid=2762 comm="power_hal_helpe" name="cmdline" dev="proc" ino=10433 scontext=u:r:power_hal_helper:s0 tcontext=u:r:init:s0 tclass=file permissive=1
